Archive member included to satisfy reference by file (symbol)

d:/arm_iti/00-imt tools -20260704t163934z-3-001/00-imt tools/03- imt sdk/03- imt sdk/imt_sdk_win_64/imt_sdk_win_64/winarm/armgcc/bin/../lib/gcc/arm-none-eabi/7.2.1/../../../../arm-none-eabi/lib/thumb/v7e-m\libg_nano.a(lib_a-errno.o)
                              ./system/src/newlib/_sbrk.o (__errno)
d:/arm_iti/00-imt tools -20260704t163934z-3-001/00-imt tools/03- imt sdk/03- imt sdk/imt_sdk_win_64/imt_sdk_win_64/winarm/armgcc/bin/../lib/gcc/arm-none-eabi/7.2.1/../../../../arm-none-eabi/lib/thumb/v7e-m\libg_nano.a(lib_a-impure.o)
                              d:/arm_iti/00-imt tools -20260704t163934z-3-001/00-imt tools/03- imt sdk/03- imt sdk/imt_sdk_win_64/imt_sdk_win_64/winarm/armgcc/bin/../lib/gcc/arm-none-eabi/7.2.1/../../../../arm-none-eabi/lib/thumb/v7e-m\libg_nano.a(lib_a-errno.o) (_impure_ptr)
d:/arm_iti/00-imt tools -20260704t163934z-3-001/00-imt tools/03- imt sdk/03- imt sdk/imt_sdk_win_64/imt_sdk_win_64/winarm/armgcc/bin/../lib/gcc/arm-none-eabi/7.2.1/../../../../arm-none-eabi/lib/thumb/v7e-m\libg_nano.a(lib_a-sprintf.o)
                              ./src/main.o (sprintf)
d:/arm_iti/00-imt tools -20260704t163934z-3-001/00-imt tools/03- imt sdk/03- imt sdk/imt_sdk_win_64/imt_sdk_win_64/winarm/armgcc/bin/../lib/gcc/arm-none-eabi/7.2.1/../../../../arm-none-eabi/lib/thumb/v7e-m\libg_nano.a(lib_a-sscanf.o)
                              ./src/main.o (sscanf)
d:/arm_iti/00-imt tools -20260704t163934z-3-001/00-imt tools/03- imt sdk/03- imt sdk/imt_sdk_win_64/imt_sdk_win_64/winarm/armgcc/bin/../lib/gcc/arm-none-eabi/7.2.1/../../../../arm-none-eabi/lib/thumb/v7e-m\libg_nano.a(lib_a-stdio.o)
                              d:/arm_iti/00-imt tools -20260704t163934z-3-001/00-imt tools/03- imt sdk/03- imt sdk/imt_sdk_win_64/imt_sdk_win_64/winarm/armgcc/bin/../lib/gcc/arm-none-eabi/7.2.1/../../../../arm-none-eabi/lib/thumb/v7e-m\libg_nano.a(lib_a-sscanf.o) (__seofread)
d:/arm_iti/00-imt tools -20260704t163934z-3-001/00-imt tools/03- imt sdk/03- imt sdk/imt_sdk_win_64/imt_sdk_win_64/winarm/armgcc/bin/../lib/gcc/arm-none-eabi/7.2.1/../../../../arm-none-eabi/lib/thumb/v7e-m\libg_nano.a(lib_a-strlen.o)
                              ./system/src/diag/Trace.o (strlen)
d:/arm_iti/00-imt tools -20260704t163934z-3-001/00-imt tools/03- imt sdk/03- imt sdk/imt_sdk_win_64/imt_sdk_win_64/winarm/armgcc/bin/../lib/gcc/arm-none-eabi/7.2.1/../../../../arm-none-eabi/lib/thumb/v7e-m\libg_nano.a(lib_a-strncmp.o)
                              ./src/main.o (strncmp)
d:/arm_iti/00-imt tools -20260704t163934z-3-001/00-imt tools/03- imt sdk/03- imt sdk/imt_sdk_win_64/imt_sdk_win_64/winarm/armgcc/bin/../lib/gcc/arm-none-eabi/7.2.1/../../../../arm-none-eabi/lib/thumb/v7e-m\libg_nano.a(lib_a-strstr.o)
                              ./src/main.o (strstr)
d:/arm_iti/00-imt tools -20260704t163934z-3-001/00-imt tools/03- imt sdk/03- imt sdk/imt_sdk_win_64/imt_sdk_win_64/winarm/armgcc/bin/../lib/gcc/arm-none-eabi/7.2.1/../../../../arm-none-eabi/lib/thumb/v7e-m\libg_nano.a(lib_a-vsnprintf.o)
                              ./system/src/diag/Trace.o (vsnprintf)
d:/arm_iti/00-imt tools -20260704t163934z-3-001/00-imt tools/03- imt sdk/03- imt sdk/imt_sdk_win_64/imt_sdk_win_64/winarm/armgcc/bin/../lib/gcc/arm-none-eabi/7.2.1/../../../../arm-none-eabi/lib/thumb/v7e-m\libg_nano.a(lib_a-writer.o)
                              d:/arm_iti/00-imt tools -20260704t163934z-3-001/00-imt tools/03- imt sdk/03- imt sdk/imt_sdk_win_64/imt_sdk_win_64/winarm/armgcc/bin/../lib/gcc/arm-none-eabi/7.2.1/../../../../arm-none-eabi/lib/thumb/v7e-m\libg_nano.a(lib_a-stdio.o) (_write_r)
d:/arm_iti/00-imt tools -20260704t163934z-3-001/00-imt tools/03- imt sdk/03- imt sdk/imt_sdk_win_64/imt_sdk_win_64/winarm/armgcc/bin/../lib/gcc/arm-none-eabi/7.2.1/../../../../arm-none-eabi/lib/thumb/v7e-m\libg_nano.a(lib_a-closer.o)
                              d:/arm_iti/00-imt tools -20260704t163934z-3-001/00-imt tools/03- imt sdk/03- imt sdk/imt_sdk_win_64/imt_sdk_win_64/winarm/armgcc/bin/../lib/gcc/arm-none-eabi/7.2.1/../../../../arm-none-eabi/lib/thumb/v7e-m\libg_nano.a(lib_a-stdio.o) (_close_r)
d:/arm_iti/00-imt tools -20260704t163934z-3-001/00-imt tools/03- imt sdk/03- imt sdk/imt_sdk_win_64/imt_sdk_win_64/winarm/armgcc/bin/../lib/gcc/arm-none-eabi/7.2.1/../../../../arm-none-eabi/lib/thumb/v7e-m\libg_nano.a(lib_a-lseekr.o)
                              d:/arm_iti/00-imt tools -20260704t163934z-3-001/00-imt tools/03- imt sdk/03- imt sdk/imt_sdk_win_64/imt_sdk_win_64/winarm/armgcc/bin/../lib/gcc/arm-none-eabi/7.2.1/../../../../arm-none-eabi/lib/thumb/v7e-m\libg_nano.a(lib_a-stdio.o) (_lseek_r)
d:/arm_iti/00-imt tools -20260704t163934z-3-001/00-imt tools/03- imt sdk/03- imt sdk/imt_sdk_win_64/imt_sdk_win_64/winarm/armgcc/bin/../lib/gcc/arm-none-eabi/7.2.1/../../../../arm-none-eabi/lib/thumb/v7e-m\libg_nano.a(lib_a-nano-svfprintf.o)
[...]
Memory Configuration

Name             Origin             Length             Attributes
RAM              0x20000000         0x00010000         xrw
CCMRAM           0x10000000         0x00000000         xrw
FLASH            0x08000000         0x00040000         xr
FLASHB1          0x00000000         0x00000000         xr
EXTMEMB0         0x00000000         0x00000000         xr
EXTMEMB1         0x00000000         0x00000000         xr
EXTMEMB2         0x00000000         0x00000000         xr
EXTMEMB3         0x00000000         0x00000000         xr
MEMORY_ARRAY     0x20002000         0x00000020         xrw
*default*        0x00000000         0xffffffff

Linker script and memory map

LOAD ./system/src/stm32f4-hal/stm32f4xx_hal.o
LOAD ./system/src/stm32f4-hal/stm32f4xx_hal_cortex.o
LOAD ./system/src/stm32f4-hal/stm32f4xx_hal_dfsdm.o
LOAD ./system/src/stm32f4-hal/stm32f4xx_hal_flash.o
LOAD ./system/src/stm32f4-hal/stm32f4xx_hal_gpio.o
LOAD ./system/src/stm32f4-hal/stm32f4xx_hal_iwdg.o
LOAD ./system/src/stm32f4-hal/stm32f4xx_hal_pwr.o
LOAD ./system/src/stm32f4-hal/stm32f4xx_hal_rcc.o
LOAD ./system/src/newlib/_cxx.o
LOAD ./system/src/newlib/_exit.o
LOAD ./system/src/newlib/_sbrk.o
LOAD ./system/src/newlib/_startup.o
LOAD ./system/src/newlib/_syscalls.o
LOAD ./system/src/newlib/assert.o
LOAD ./system/src/diag/Trace.o
LOAD ./system/src/diag/trace_impl.o
LOAD ./system/src/cortexm/_initialize_hardware.o
LOAD ./system/src/cortexm/_reset_hardware.o
LOAD ./system/src/cortexm/exception_handlers.o
LOAD ./system/src/cmsis/system_stm32f4xx.o
LOAD ./system/src/cmsis/vectors_stm32f407xx.o
LOAD ./src/HDAC_program.o
LOAD ./src/HLEDMATRIX_program.o
LOAD ./src/HSTP_program.o
LOAD ./src/MEXTI_program.o
LOAD ./src/MGPIO_program.o
LOAD ./src/MNVIC_program.o
LOAD ./src/MRCC_program.o
LOAD ./src/MSPI_program.o
LOAD ./src/MSYSTICK_program.o
LOAD ./src/OS_program.o
LOAD ./src/main.o
LOAD ./src/smart_car_controller.o
LOAD ./src/stm32f4xx_hal_msp.o
LOAD d:/arm_iti/00-imt tools -20260704t163934z-3-001/00-imt tools/03- imt sdk/03- imt sdk/imt_sdk_win_64/imt_sdk_win_64/winarm/armgcc/bin/../lib/gcc/arm-none-eabi/7.2.1/../../../../arm-none-eabi/lib/thumb/v7e-m\libstdc++_nano.a
LOAD d:/arm_iti/00-imt tools -20260704t163934z-3-001/00-imt tools/03- imt sdk/03- imt sdk/imt_sdk_win_64/imt_sdk_win_64/winarm/armgcc/bin/../lib/gcc/arm-none-eabi/7.2.1/../../../../arm-none-eabi/lib/thumb/v7e-m\libm.a
START GROUP
LOAD d:/arm_iti/00-imt tools -20260704t163934z-3-001/00-imt tools/03- imt sdk/03- imt sdk/imt_sdk_win_64/imt_sdk_win_64/winarm/armgcc/bin/../lib/gcc/arm-none-eabi/7.2.1/thumb/v7e-m\libgcc.a
LOAD d:/arm_iti/00-imt tools -20260704t163934z-3-001/00-imt tools/03- imt sdk/03- imt sdk/imt_sdk_win_64/imt_sdk_win_64/winarm/armgcc/bin/../lib/gcc/arm-none-eabi/7.2.1/../../../../arm-none-eabi/lib/thumb/v7e-m\libg_nano.a
LOAD d:/arm_iti/00-imt tools -20260704t163934z-3-001/00-imt tools/03- imt sdk/03- imt sdk/imt_sdk_win_64/imt_sdk_win_64/winarm/armgcc/bin/../lib/gcc/arm-none-eabi/7.2.1/../../../../arm-none-eabi/lib/thumb/v7e-m\libc_nano.a
END GROUP
START GROUP
LOAD d:/arm_iti/00-imt tools -20260704t163934z-3-001/00-imt tools/03- imt sdk/03- imt sdk/imt_sdk_win_64/imt_sdk_win_64/winarm/armgcc/bin/../lib/gcc/arm-none-eabi/7.2.1/thumb/v7e-m\libgcc.a
LOAD d:/arm_iti/00-imt tools -20260704t163934z-3-001/00-imt tools/03- imt sdk/03- imt sdk/imt_sdk_win_64/imt_sdk_win_64/winarm/armgcc/bin/../lib/gcc/arm-none-eabi/7.2.1/../../../../arm-none-eabi/lib/thumb/v7e-m\libc_nano.a
END GROUP
                0x20010000                __stack = (ORIGIN (RAM) + LENGTH (RAM))
                0x20010000                _estack = __stack
                0x00000400                __Main_Stack_Size = 0x400
                [!provide]                PROVIDE (_Main_Stack_Size, __Main_Stack_Size)
                0x2000fc00                __Main_Stack_Limit = (__stack - __Main_Stack_Size)
                [!provide]                PROVIDE (_Main_Stack_Limit, __Main_Stack_Limit)
                0x00000100                _Minimum_Stack_Size = 0x100
                0x20000318                PROVIDE (_Heap_Begin, _end_noinit)
                0x2000fc00                PROVIDE (_Heap_Limit, (__stack - __Main_Stack_Size))

.isr_vector     0x08000000      0x3e8
 FILL mask 0xff
                0x08000000                __vectors_start = ABSOLUTE (.)
                0x08000000                __vectors_start__ = ABSOLUTE (.)
 *(.isr_vector)
 .isr_vector    0x08000000      0x188 ./system/src/cmsis/vectors_stm32f407xx.o
                0x08000000                __isr_vectors
 *(.cfmconfig)
 *(.after_vectors .after_vectors.*)
 .after_vectors
                0x08000188      0x130 ./system/src/newlib/_startup.o
                0x08000188                _start
 .after_vectors
                0x080002b8      0x12c ./system/src/cortexm/exception_handlers.o
                0x080002b8                Reset_Handler
                0x080002be                NMI_Handler
                0x080002c2                HardFault_Handler
                0x080002d6                HardFault_Handler_C
                0x08000334                MemManage_Handler
                0x08000338                BusFault_Handler
                0x0800034c                BusFault_Handler_C
                0x08000380                UsageFault_Handler
                0x08000394                UsageFault_Handler_C
                0x080003c8                SVC_Handler
                0x080003cc                DebugMon_Handler
                0x080003d0                PendSV_Handler
 .after_vectors
                0x080003e4        0x4 ./system/src/cmsis/vectors_stm32f407xx.o
                0x080003e4                RTC_Alarm_IRQHandler
                0x080003e4                HASH_RNG_IRQHandler
                0x080003e4                EXTI2_IRQHandler
                0x080003e4                TIM8_CC_IRQHandler
                0x080003e4                TIM1_CC_IRQHandler
                0x080003e4                DMA2_Stream5_IRQHandler
                0x080003e4                DMA1_Stream5_IRQHandler
                0x080003e4                PVD_IRQHandler
                0x080003e4                SDIO_IRQHandler
                0x080003e4                TAMP_STAMP_IRQHandler
                0x080003e4                CAN2_RX1_IRQHandler
                0x080003e4                EXTI3_IRQHandler
                0x080003e4                TIM8_TRG_COM_TIM14_IRQHandler
                0x080003e4                TIM1_UP_TIM10_IRQHandler
                0x080003e4                TIM8_UP_TIM13_IRQHandler
                0x080003e4                I2C3_ER_IRQHandler
                0x080003e4                I2C2_EV_IRQHandler
                0x080003e4                DMA1_Stream2_IRQHandler
                0x080003e4                CAN1_RX0_IRQHandler
                0x080003e4                FPU_IRQHandler
                0x080003e4                OTG_HS_WKUP_IRQHandler
                0x080003e4                CAN2_SCE_IRQHandler
                0x080003e4                DMA2_Stream2_IRQHandler
                0x080003e4                SPI1_IRQHandler
                0x080003e4                TIM6_DAC_IRQHandler
                0x080003e4                TIM1_BRK_TIM9_IRQHandler
                0x080003e4                DCMI_IRQHandler
                0x080003e4                CAN2_RX0_IRQHandler
                0x080003e4                DMA2_Stream3_IRQHandler
                0x080003e4                USART6_IRQHandler
                0x080003e4                USART3_IRQHandler
                0x080003e4                CAN1_RX1_IRQHandler
                0x080003e4                UART5_IRQHandler
                0x080003e4                DMA2_Stream0_IRQHandler
                0x080003e4                TIM4_IRQHandler
                0x080003e4                I2C1_EV_IRQHandler
                0x080003e4                DMA1_Stream6_IRQHandler
                0x080003e4                DMA1_Stream1_IRQHandler
                0x080003e4                UART4_IRQHandler
                0x080003e4                TIM3_IRQHandler
                0x080003e4                RCC_IRQHandler
                0x080003e4                TIM8_BRK_TIM12_IRQHandler
                0x080003e4                Default_Handler
                0x080003e4                EXTI15_10_IRQHandler
                0x080003e4                ADC_IRQHandler
                0x080003e4                DMA1_Stream7_IRQHandler
                0x080003e4                TIM7_IRQHandler
                0x080003e4                CAN2_TX_IRQHandler
                0x080003e4                TIM5_IRQHandler
                0x080003e4                DMA2_Stream7_IRQHandler
                0x080003e4                I2C3_EV_IRQHandler
                0x080003e4                EXTI9_5_IRQHandler
                0x080003e4                RTC_WKUP_IRQHandler
                0x080003e4                ETH_WKUP_IRQHandler
                0x080003e4                SPI2_IRQHandler
                0x080003e4                OTG_HS_EP1_IN_IRQHandler
                0x080003e4                DMA1_Stream0_IRQHandler
                0x080003e4                CAN1_TX_IRQHandler
                0x080003e4                EXTI4_IRQHandler
                0x080003e4                ETH_IRQHandler
                0x080003e4                OTG_HS_EP1_OUT_IRQHandler
                0x080003e4                WWDG_IRQHandler
                0x080003e4                TIM2_IRQHandler
                0x080003e4                OTG_FS_WKUP_IRQHandler
                0x080003e4                TIM1_TRG_COM_TIM11_IRQHandler
                0x080003e4                OTG_HS_IRQHandler
                0x080003e4                EXTI1_IRQHandler
                0x080003e4                I2C2_ER_IRQHandler
                0x080003e4                DMA2_Stream1_IRQHandler
                0x080003e4                CAN1_SCE_IRQHandler
                0x080003e4                FLASH_IRQHandler
                0x080003e4                DMA2_Stream4_IRQHandler
                0x080003e4                USART1_IRQHandler
                0x080003e4                OTG_FS_IRQHandler
                0x080003e4                SPI3_IRQHandler
                0x080003e4                DMA1_Stream4_IRQHandler
                0x080003e4                I2C1_ER_IRQHandler
                0x080003e4                FMC_IRQHandler
                0x080003e4                DMA2_Stream6_IRQHandler
                0x080003e4                DMA1_Stream3_IRQHandler

.inits          0x080003e8       0x28
                0x080003e8                __data_regions_array_start = .
                0x080003e8        0x4 LONG 0x800286c LOADADDR (.data)
                0x080003ec        0x4 LONG 0x20000000 ADDR (.data)
                0x080003f0        0x4 LONG 0x200001e4 (ADDR (.data) + SIZEOF (.data))
                0x080003f4        0x4 LONG 0x800286c LOADADDR (.data_CCMRAM)
                0x080003f8        0x4 LONG 0x10000000 ADDR (.data_CCMRAM)
                0x080003fc        0x4 LONG 0x10000000 (ADDR (.data_CCMRAM) + SIZEOF (.data_CCMRAM))
                0x08000400                __data_regions_array_end = .
                0x08000400                __bss_regions_array_start = .
                0x08000400        0x4 LONG 0x200001e4 ADDR (.bss)
                0x08000404        0x4 LONG 0x20000318 (ADDR (.bss) + SIZEOF (.bss))
                0x08000408        0x4 LONG 0x10000000 ADDR (.bss_CCMRAM)
                0x0800040c        0x4 LONG 0x10000000 (ADDR (.bss_CCMRAM) + SIZEOF (.bss_CCMRAM))
                0x08000410                __bss_regions_array_end = .
 *(.init)
 *(.fini)
                0x08000410                . = ALIGN (0x4)
                0x08000410                PROVIDE (__preinit_array_start, .)
 *(.preinit_array_sysinit .preinit_array_sysinit.*)
 *(.preinit_array_platform .preinit_array_platform.*)
 *(.preinit_array .preinit_array.*)
                0x08000410                PROVIDE (__preinit_array_end, .)
                0x08000410                . = ALIGN (0x4)
                0x08000410                PROVIDE (__init_array_start, .)
 *(SORT_BY_NAME(.init_array.*))
 *(.init_array)
                0x08000410                PROVIDE (__init_array_end, .)
                0x08000410                . = ALIGN (0x4)
                0x08000410                PROVIDE (__fini_array_start, .)
 *(SORT_BY_NAME(.fini_array.*))
 *(.fini_array)
                0x08000410                PROVIDE (__fini_array_end, .)

.flashtext
 *(.flashtext .flashtext.*)

.text           0x08000410     0x245b
 *(.text .text.*)
 .text._exit    0x08000410        0x2 ./system/src/newlib/_exit.o
                0x08000410                _exit
 *fill*         0x08000412        0x2 
 .text._sbrk    0x08000414       0x44 ./system/src/newlib/_sbrk.o
                0x08000414                _sbrk
 .text.__initialize_args
                0x08000458       0x10 ./system/src/newlib/_syscalls.o
                0x08000458                __initialize_args
 .text.trace_printf
                0x08000468       0x30 ./system/src/diag/Trace.o
                0x08000468                trace_printf
 .text._trace_write_semihosting_debug
                0x08000498       0x60 ./system/src/diag/trace_impl.o
 .text.trace_write
                0x080004f8        0x8 ./system/src/diag/trace_impl.o
                0x080004f8                trace_write
 .text.__initialize_hardware_early
                0x08000500       0x18 ./system/src/cortexm/_initialize_hardware.o
                0x08000500                __initialize_hardware_early
 .text.__initialize_hardware
                0x08000518        0x8 ./system/src/cortexm/_initialize_hardware.o
                0x08000518                __initialize_hardware
 .text.dumpExceptionStack
                0x08000520       0xf4 ./system/src/cortexm/exception_handlers.o
                0x08000520                dumpExceptionStack
 .text.isSemihosting
                0x08000614       0x20 ./system/src/cortexm/exception_handlers.o
                0x08000614                isSemihosting
 .text.SystemInit
                0x08000634       0x40 ./system/src/cmsis/system_stm32f4xx.o
                0x08000634                SystemInit
 .text.SystemCoreClockUpdate
                0x08000674       0xa0 ./system/src/cmsis/system_stm32f4xx.o
                0x08000674                SystemCoreClockUpdate
 .text.EXTI0_IRQHandler
                0x08000714       0x1c ./src/MEXTI_program.o
                0x08000714                EXTI0_IRQHandler
 .text.MGPIO_GetPort
                0x08000730       0x44 ./src/MGPIO_program.o
 .text.MGPIO_voidSetMode
                0x08000774       0x28 ./src/MGPIO_program.o
                0x08000774                MGPIO_voidSetMode
 .text.MGPIO_voidSetOutputConfig
                0x0800079c       0x3c ./src/MGPIO_program.o
                0x0800079c                MGPIO_voidSetOutputConfig
 .text.MGPIO_voidSetInputConfig
                0x080007d8       0x28 ./src/MGPIO_program.o
                0x080007d8                MGPIO_voidSetInputConfig
 .text.MGPIO_voidSetPinValue
                0x08000800       0x2c ./src/MGPIO_program.o
                0x08000800                MGPIO_voidSetPinValue
 .text.MGPIO_u8GetPinValue
                0x0800082c       0x18 ./src/MGPIO_program.o
                0x0800082c                MGPIO_u8GetPinValue
 .text.MGPIO_voidSetAlternativeConfig
                0x08000844       0x46 ./src/MGPIO_program.o
                0x08000844                MGPIO_voidSetAlternativeConfig
 .text.MNVIC_u8ValidPosition
                0x0800088a        0xa ./src/MNVIC_program.o
 .text.MNVIC_voidEnable
                0x08000894       0x20 ./src/MNVIC_program.o
                0x08000894                MNVIC_voidEnable
 .text.MRCC_voidInit
                0x080008b4       0x30 ./src/MRCC_program.o
                0x080008b4                MRCC_voidInit
 .text.MRCC_voidEnablePeipheralClock
                0x080008e4       0x50 ./src/MRCC_program.o
                0x080008e4                MRCC_voidEnablePeipheralClock
 .text.MSYSTICK_voidInit
                0x08000934       0x20 ./src/MSYSTICK_program.o
                0x08000934                MSYSTICK_voidInit
 .text.SysTick_Handler
                0x08000954       0x10 ./src/MSYSTICK_program.o
                0x08000954                SysTick_Handler
 .text.MSYSTICK_voidStart
                0x08000964       0x10 ./src/MSYSTICK_program.o
                0x08000964                MSYSTICK_voidStart
 .text.MSYSTICK_voidStop
                0x08000974       0x10 ./src/MSYSTICK_program.o
                0x08000974                MSYSTICK_voidStop
 .text.MSYSTICK_voidDelay_us
                0x08000984       0x34 ./src/MSYSTICK_program.o
                0x08000984                MSYSTICK_voidDelay_us
 .text.MSYSTICK_voidDelay_ms
                0x080009b8       0x10 ./src/MSYSTICK_program.o
                0x080009b8                MSYSTICK_voidDelay_ms
 .text.delayUs  0x080009c8       0x1e ./src/main.o
 *fill*         0x080009e6        0x2 
 .text.pwmSet   0x080009e8       0x28 ./src/main.o
 .text.sendChar
                0x08000a10       0x18 ./src/main.o
 .text.sendText
                0x08000a28       0x16 ./src/main.o
 *fill*         0x08000a3e        0x2 
 .text.readChar
                0x08000a40       0x3c ./src/main.o
 .text.stopMotors
                0x08000a7c       0x3c ./src/main.o
 .text.drive    0x08000ab8       0xf2 ./src/main.o
 .text.inputPin
                0x08000baa       0x18 ./src/main.o
 .text.outputPin
                0x08000bc2       0x24 ./src/main.o
 *fill*         0x08000be6        0x2 
 .text.peripheralsInit
                0x08000be8       0xf0 ./src/main.o
 .text.handleCommand
                0x08000cd8      0x18c ./src/main.o
 .text.readDistanceCm
                0x08000e64       0x8c ./src/main.o
 .text.sendTelemetry
                0x08000ef0       0x30 ./src/main.o
 .text.USART2_IRQHandler
                0x08000f20       0x50 ./src/main.o
                0x08000f20                USART2_IRQHandler
 .text.smartCarMain
                0x08000f70      0x134 ./src/main.o
                0x08000f70                smartCarMain
 .text.main     0x080010a4        0x6 ./src/main.o
                0x080010a4                main
 *fill*         0x080010aa        0x2 
 .text.__errno  0x080010ac        0xc d:/arm_iti/00-imt tools -20260704t163934z-3-001/00-imt tools/03- imt sdk/03- imt sdk/imt_sdk_win_64/imt_sdk_win_64/winarm/armgcc/bin/../lib/gcc/arm-none-eabi/7.2.1/../../../../arm-none-eabi/lib/thumb/v7e-m\libg_nano.a(lib_a-errno.o)
                0x080010ac                __errno
 .text.sprintf  0x080010b8       0x40 d:/arm_iti/00-imt tools -20260704t163934z-3-001/00-imt tools/03- imt sdk/03- imt sdk/imt_sdk_win_64/imt_sdk_win_64/winarm/armgcc/bin/../lib/gcc/arm-none-eabi/7.2.1/../../../../arm-none-eabi/lib/thumb/v7e-m\libg_nano.a(lib_a-sprintf.o)
                0x080010b8                siprintf
                0x080010b8                sprintf
 .text.sscanf   0x080010f8       0x54 d:/arm_iti/00-imt tools -20260704t163934z-3-001/00-imt tools/03- imt sdk/03- imt sdk/imt_sdk_win_64/imt_sdk_win_64/winarm/armgcc/bin/../lib/gcc/arm-none-eabi/7.2.1/../../../../arm-none-eabi/lib/thumb/v7e-m\libg_nano.a(lib_a-sscanf.o)
                0x080010f8                siscanf
                0x080010f8                sscanf
 .text.__seofread
                0x0800114c        0x4 d:/arm_iti/00-imt tools -20260704t163934z-3-001/00-imt tools/03- imt sdk/03- imt sdk/imt_sdk_win_64/imt_sdk_win_64/winarm/armgcc/bin/../lib/gcc/arm-none-eabi/7.2.1/../../../../arm-none-eabi/lib/thumb/v7e-m\libg_nano.a(lib_a-stdio.o)
                0x0800114c                __seofread
 .text          0x08001150       0x10 d:/arm_iti/00-imt tools -20260704t163934z-3-001/00-imt tools/03- imt sdk/03- imt sdk/imt_sdk_win_64/imt_sdk_win_64/winarm/armgcc/bin/../lib/gcc/arm-none-eabi/7.2.1/../../../../arm-none-eabi/lib/thumb/v7e-m\libg_nano.a(lib_a-strlen.o)
                0x08001150                strlen
 .text.strncmp  0x08001160       0x24 d:/arm_iti/00-imt tools -20260704t163934z-3-001/00-imt tools/03- imt sdk/03- imt sdk/imt_sdk_win_64/imt_sdk_win_64/winarm/armgcc/bin/../lib/gcc/arm-none-eabi/7.2.1/../../../../arm-none-eabi/lib/thumb/v7e-m\libg_nano.a(lib_a-strncmp.o)
                0x08001160                strncmp
 .text.strstr   0x08001184       0x34 d:/arm_iti/00-imt tools -20260704t163934z-3-001/00-imt tools/03- imt sdk/03- imt sdk/imt_sdk_win_64/imt_sdk_win_64/winarm/armgcc/bin/../lib/gcc/arm-none-eabi/7.2.1/../../../../arm-none-eabi/lib/thumb/v7e-m\libg_nano.a(lib_a-strstr.o)
                0x08001184                strstr
 .text._vsnprintf_r
                0x080011b8       0x58 d:/arm_iti/00-imt tools -20260704t163934z-3-001/00-imt tools/03- imt sdk/03- imt sdk/imt_sdk_win_64/imt_sdk_win_64/winarm/armgcc/bin/../lib/gcc/arm-none-eabi/7.2.1/../../../../arm-none-eabi/lib/thumb/v7e-m\libg_nano.a(lib_a-vsnprintf.o)
                0x080011b8                _vsniprintf_r
                0x080011b8                _vsnprintf_r
 .text.vsnprintf
                0x08001210       0x1c d:/arm_iti/00-imt tools -20260704t163934z-3-001/00-imt tools/03- imt sdk/03- imt sdk/imt_sdk_win_64/imt_sdk_win_64/winarm/armgcc/bin/../lib/gcc/arm-none-eabi/7.2.1/../../../../arm-none-eabi/lib/thumb/v7e-m\libg_nano.a(lib_a-vsnprintf.o)
                0x08001210                vsniprintf
                0x08001210                vsnprintf
 .text.__ssputs_r
                0x0800122c       0xb4 d:/arm_iti/00-imt tools -20260704t163934z-3-001/00-imt tools/03- imt sdk/03- imt sdk/imt_sdk_win_64/imt_sdk_win_64/winarm/armgcc/bin/../lib/gcc/arm-none-eabi/7.2.1/../../../../arm-none-eabi/lib/thumb/v7e-m\libg_nano.a(lib_a-nano-svfprintf.o)
                0x0800122c                __ssputs_r
 .text._svfprintf_r
                0x080012e0      0x1ec d:/arm_iti/00-imt tools -20260704t163934z-3-001/00-imt tools/03- imt sdk/03- imt sdk/imt_sdk_win_64/imt_sdk_win_64/winarm/armgcc/bin/../lib/gcc/arm-none-eabi/7.2.1/../../../../arm-none-eabi/lib/thumb/v7e-m\libg_nano.a(lib_a-nano-svfprintf.o)
                0x080012e0                _svfiprintf_r
                0x080012e0                _svfprintf_r
 .text._sungetc_r
                0x080014cc       0x7a d:/arm_iti/00-imt tools -20260704t163934z-3-001/00-imt tools/03- imt sdk/03- imt sdk/imt_sdk_win_64/imt_sdk_win_64/winarm/armgcc/bin/../lib/gcc/arm-none-eabi/7.2.1/../../../../arm-none-eabi/lib/thumb/v7e-m\libg_nano.a(lib_a-nano-svfscanf.o)
                0x080014cc                _sungetc_r
 .text.__ssrefill_r
                0x08001546       0x3a d:/arm_iti/00-imt tools -20260704t163934z-3-001/00-imt tools/03- imt sdk/03- imt sdk/imt_sdk_win_64/imt_sdk_win_64/winarm/armgcc/bin/../lib/gcc/arm-none-eabi/7.2.1/../../../../arm-none-eabi/lib/thumb/v7e-m\libg_nano.a(lib_a-nano-svfscanf.o)
                0x08001546                __ssrefill_r
 .text.__ssvfscanf_r
                0x08001580      0x2a0 d:/arm_iti/00-imt tools -20260704t163934z-3-001/00-imt tools/03- imt sdk/03- imt sdk/imt_sdk_win_64/imt_sdk_win_64/winarm/armgcc/bin/../lib/gcc/arm-none-eabi/7.2.1/../../../../arm-none-eabi/lib/thumb/v7e-m\libg_nano.a(lib_a-nano-svfscanf.o)
                0x08001580                __ssvfiscanf_r
                0x08001580                __ssvfscanf_r
 .text._printf_common
                0x08001820       0xea d:/arm_iti/00-imt tools -20260704t163934z-3-001/00-imt tools/03- imt sdk/03- imt sdk/imt_sdk_win_64/imt_sdk_win_64/winarm/armgcc/bin/../lib/gcc/arm-none-eabi/7.2.1/../../../../arm-none-eabi/lib/thumb/v7e-m\libg_nano.a(lib_a-nano-vfprintf_i.o)
                0x08001820                _printf_common
 *fill*         0x0800190a        0x2 
 .text._printf_i
                0x0800190c      0x224 d:/arm_iti/00-imt tools -20260704t163934z-3-001/00-imt tools/03- imt sdk/03- imt sdk/imt_sdk_win_64/imt_sdk_win_64/winarm/armgcc/bin/../lib/gcc/arm-none-eabi/7.2.1/../../../../arm-none-eabi/lib/thumb/v7e-m\libg_nano.a(lib_a-nano-vfprintf_i.o)
                0x0800190c                _printf_i
 .text._scanf_chars
                0x08001b30       0xc6 d:/arm_iti/00-imt tools -20260704t163934z-3-001/00-imt tools/03- imt sdk/03- imt sdk/imt_sdk_win_64/imt_sdk_win_64/winarm/armgcc/bin/../lib/gcc/arm-none-eabi/7.2.1/../../../../arm-none-eabi/lib/thumb/v7e-m\libg_nano.a(lib_a-nano-vfscanf_i.o)
                0x08001b30                _scanf_chars
 *fill*         0x08001bf6        0x2 
 .text._scanf_i
                0x08001bf8      0x1e8 d:/arm_iti/00-imt tools -20260704t163934z-3-001/00-imt tools/03- imt sdk/03- imt sdk/imt_sdk_win_64/imt_sdk_win_64/winarm/armgcc/bin/../lib/gcc/arm-none-eabi/7.2.1/../../../../arm-none-eabi/lib/thumb/v7e-m\libg_nano.a(lib_a-nano-vfscanf_i.o)
                0x08001bf8                _scanf_i
 .text.__sccl   0x08001de0       0x64 d:/arm_iti/00-imt tools -20260704t163934z-3-001/00-imt tools/03- imt sdk/03- imt sdk/imt_sdk_win_64/imt_sdk_win_64/winarm/armgcc/bin/../lib/gcc/arm-none-eabi/7.2.1/../../../../arm-none-eabi/lib/thumb/v7e-m\libg_nano.a(lib_a-sccl.o)
                0x08001de0                __sccl
 .text._strtol_l.isra.0
                0x08001e44       0xf6 d:/arm_iti/00-imt tools -20260704t163934z-3-001/00-imt tools/03- imt sdk/03- imt sdk/imt_sdk_win_64/imt_sdk_win_64/winarm/armgcc/bin/../lib/gcc/arm-none-eabi/7.2.1/../../../../arm-none-eabi/lib/thumb/v7e-m\libg_nano.a(lib_a-strtol.o)
 *fill*         0x08001f3a        0x2 
 .text._strtol_r
                0x08001f3c       0x24 d:/arm_iti/00-imt tools -20260704t163934z-3-001/00-imt tools/03- imt sdk/03- imt sdk/imt_sdk_win_64/imt_sdk_win_64/winarm/armgcc/bin/../lib/gcc/arm-none-eabi/7.2.1/../../../../arm-none-eabi/lib/thumb/v7e-m\libg_nano.a(lib_a-strtol.o)
                0x08001f3c                _strtol_r
 .text._strtoul_l.isra.0
                0x08001f60       0xf4 d:/arm_iti/00-imt tools -20260704t163934z-3-001/00-imt tools/03- imt sdk/03- imt sdk/imt_sdk_win_64/imt_sdk_win_64/winarm/armgcc/bin/../lib/gcc/arm-none-eabi/7.2.1/../../../../arm-none-eabi/lib/thumb/v7e-m\libg_nano.a(lib_a-strtoul.o)
 .text._strtoul_r
                0x08002054       0x24 d:/arm_iti/00-imt tools -20260704t163934z-3-001/00-imt tools/03- imt sdk/03- imt sdk/imt_sdk_win_64/imt_sdk_win_64/winarm/armgcc/bin/../lib/gcc/arm-none-eabi/7.2.1/../../../../arm-none-eabi/lib/thumb/v7e-m\libg_nano.a(lib_a-strtoul.o)
                0x08002054                _strtoul_r
 .text.__submore
                0x08002078       0x74 d:/arm_iti/00-imt tools -20260704t163934z-3-001/00-imt tools/03- imt sdk/03- imt sdk/imt_sdk_win_64/imt_sdk_win_64/winarm/armgcc/bin/../lib/gcc/arm-none-eabi/7.2.1/../../../../arm-none-eabi/lib/thumb/v7e-m\libg_nano.a(lib_a-ungetc.o)
                0x08002078                __submore
 .text.__locale_ctype_ptr_l
                0x080020ec        0x6 d:/arm_iti/00-imt tools -20260704t163934z-3-001/00-imt tools/03- imt sdk/03- imt sdk/imt_sdk_win_64/imt_sdk_win_64/winarm/armgcc/bin/../lib/gcc/arm-none-eabi/7.2.1/../../../../arm-none-eabi/lib/thumb/v7e-m\libg_nano.a(lib_a-locale.o)
                0x080020ec                __locale_ctype_ptr_l
 *fill*         0x080020f2        0x2 
 .text.__locale_ctype_ptr
                0x080020f4       0x1c d:/arm_iti/00-imt tools -20260704t163934z-3-001/00-imt tools/03- imt sdk/03- imt sdk/imt_sdk_win_64/imt_sdk_win_64/winarm/armgcc/bin/../lib/gcc/arm-none-eabi/7.2.1/../../../../arm-none-eabi/lib/thumb/v7e-m\libg_nano.a(lib_a-locale.o)
                0x080020f4                __locale_ctype_ptr
 .text.__ascii_mbtowc
                0x08002110       0x24 d:/arm_iti/00-imt tools -20260704t163934z-3-001/00-imt tools/03- imt sdk/03- imt sdk/imt_sdk_win_64/imt_sdk_win_64/winarm/armgcc/bin/../lib/gcc/arm-none-eabi/7.2.1/../../../../arm-none-eabi/lib/thumb/v7e-m\libg_nano.a(lib_a-mbtowc_r.o)
                0x08002110                __ascii_mbtowc
 *fill*         0x08002134        0xc 
 .text          0x08002140       0xa0 d:/arm_iti/00-imt tools -20260704t163934z-3-001/00-imt tools/03- imt sdk/03- imt sdk/imt_sdk_win_64/imt_sdk_win_64/winarm/armgcc/bin/../lib/gcc/arm-none-eabi/7.2.1/../../../../arm-none-eabi/lib/thumb/v7e-m\libg_nano.a(lib_a-memchr.o)
                0x08002140                memchr
 .text.memcpy   0x080021e0       0x16 d:/arm_iti/00-imt tools -20260704t163934z-3-001/00-imt tools/03- imt sdk/03- imt sdk/imt_sdk_win_64/imt_sdk_win_64/winarm/armgcc/bin/../lib/gcc/arm-none-eabi/7.2.1/../../../../arm-none-eabi/lib/thumb/v7e-m\libg_nano.a(lib_a-memcpy-stub.o)
                0x080021e0                memcpy
 .text.memmove  0x080021f6       0x32 d:/arm_iti/00-imt tools -20260704t163934z-3-001/00-imt tools/03- imt sdk/03- imt sdk/imt_sdk_win_64/imt_sdk_win_64/winarm/armgcc/bin/../lib/gcc/arm-none-eabi/7.2.1/../../../../arm-none-eabi/lib/thumb/v7e-m\libg_nano.a(lib_a-memmove.o)
                0x080021f6                memmove
 .text._free_r  0x08002228       0x9c d:/arm_iti/00-imt tools -20260704t163934z-3-001/00-imt tools/03- imt sdk/03- imt sdk/imt_sdk_win_64/imt_sdk_win_64/winarm/armgcc/bin/../lib/gcc/arm-none-eabi/7.2.1/../../../../arm-none-eabi/lib/thumb/v7e-m\libg_nano.a(lib_a-nano-freer.o)
                0x08002228                _free_r
 .text._malloc_r
                0x080022c4       0xb4 d:/arm_iti/00-imt tools -20260704t163934z-3-001/00-imt tools/03- imt sdk/03- imt sdk/imt_sdk_win_64/imt_sdk_win_64/winarm/armgcc/bin/../lib/gcc/arm-none-eabi/7.2.1/../../../../arm-none-eabi/lib/thumb/v7e-m\libg_nano.a(lib_a-nano-mallocr.o)
                0x080022c4                _malloc_r
 .text._realloc_r
                0x08002378       0x4c d:/arm_iti/00-imt tools -20260704t163934z-3-001/00-imt tools/03- imt sdk/03- imt sdk/imt_sdk_win_64/imt_sdk_win_64/winarm/armgcc/bin/../lib/gcc/arm-none-eabi/7.2.1/../../../../arm-none-eabi/lib/thumb/v7e-m\libg_nano.a(lib_a-nano-reallocr.o)
                0x08002378                _realloc_r
 .text._sbrk_r  0x080023c4       0x20 d:/arm_iti/00-imt tools -20260704t163934z-3-001/00-imt tools/03- imt sdk/03- imt sdk/imt_sdk_win_64/imt_sdk_win_64/winarm/armgcc/bin/../lib/gcc/arm-none-eabi/7.2.1/../../../../arm-none-eabi/lib/thumb/v7e-m\libg_nano.a(lib_a-sbrkr.o)
                0x080023c4                _sbrk_r
 .text.__ascii_wctomb
                0x080023e4       0x1a d:/arm_iti/00-imt tools -20260704t163934z-3-001/00-imt tools/03- imt sdk/03- imt sdk/imt_sdk_win_64/imt_sdk_win_64/winarm/armgcc/bin/../lib/gcc/arm-none-eabi/7.2.1/../../../../arm-none-eabi/lib/thumb/v7e-m\libg_nano.a(lib_a-wctomb_r.o)
                0x080023e4                __ascii_wctomb
 .text.__malloc_lock
                0x080023fe        0x2 d:/arm_iti/00-imt tools -20260704t163934z-3-001/00-imt tools/03- imt sdk/03- imt sdk/imt_sdk_win_64/imt_sdk_win_64/winarm/armgcc/bin/../lib/gcc/arm-none-eabi/7.2.1/../../../../arm-none-eabi/lib/thumb/v7e-m\libg_nano.a(lib_a-mlock.o)
                0x080023fe                __malloc_lock
 .text.__malloc_unlock
                0x08002400        0x2 d:/arm_iti/00-imt tools -20260704t163934z-3-001/00-imt tools/03- imt sdk/03- imt sdk/imt_sdk_win_64/imt_sdk_win_64/winarm/armgcc/bin/../lib/gcc/arm-none-eabi/7.2.1/../../../../arm-none-eabi/lib/thumb/v7e-m\libg_nano.a(lib_a-mlock.o)
                0x08002400                __malloc_unlock
 .text._malloc_usable_size_r
                0x08002402       0x10 d:/arm_iti/00-imt tools -20260704t163934z-3-001/00-imt tools/03- imt sdk/03- imt sdk/imt_sdk_win_64/imt_sdk_win_64/winarm/armgcc/bin/../lib/gcc/arm-none-eabi/7.2.1/../../../../arm-none-eabi/lib/thumb/v7e-m\libg_nano.a(lib_a-nano-msizer.o)
                0x08002402                _malloc_usable_size_r
 *(.rodata .rodata.* .constdata .constdata.*)
 *fill*         0x08002412        0x2 
 .rodata.dumpExceptionStack.str1.4
                0x08002414      0x11a ./system/src/cortexm/exception_handlers.o
 *fill*         0x0800252e        0x2 
 .rodata.str1.4
                0x08002530       0x2a ./system/src/cortexm/exception_handlers.o
 *fill*         0x0800255a        0x2 
 .rodata.AHBPrescTable
                0x0800255c       0x10 ./system/src/cmsis/system_stm32f4xx.o
                0x0800255c                AHBPrescTable
 .rodata.handleCommand.str1.4
                0x0800256c       0xfa ./src/main.o
 *fill*         0x08002666        0x2 
 .rodata.sendTelemetry.str1.4
                0x08002668       0x30 ./src/main.o
 .rodata.smartCarMain.str1.4
                0x08002698        0xc ./src/main.o
                                  0xb (size before relaxing)
 .rodata._svfprintf_r.str1.1
                0x080026a4       0x11 d:/arm_iti/00-imt tools -20260704t163934z-3-001/00-imt tools/03- imt sdk/03- imt sdk/imt_sdk_win_64/imt_sdk_win_64/winarm/armgcc/bin/../lib/gcc/arm-none-eabi/7.2.1/../../../../arm-none-eabi/lib/thumb/v7e-m\libg_nano.a(lib_a-nano-svfprintf.o)
 .rodata.__ssvfscanf_r.str1.1
                0x080026b5        0x4 d:/arm_iti/00-imt tools -20260704t163934z-3-001/00-imt tools/03- imt sdk/03- imt sdk/imt_sdk_win_64/imt_sdk_win_64/winarm/armgcc/bin/../lib/gcc/arm-none-eabi/7.2.1/../../../../arm-none-eabi/lib/thumb/v7e-m\libg_nano.a(lib_a-nano-svfscanf.o)
 .rodata._printf_i.str1.1
                0x080026b5       0x22 d:/arm_iti/00-imt tools -20260704t163934z-3-001/00-imt tools/03- imt sdk/03- imt sdk/imt_sdk_win_64/imt_sdk_win_64/winarm/armgcc/bin/../lib/gcc/arm-none-eabi/7.2.1/../../../../arm-none-eabi/lib/thumb/v7e-m\libg_nano.a(lib_a-nano-vfprintf_i.o)
 *fill*         0x080026d7        0x1 
 .rodata        0x080026d8        0xc d:/arm_iti/00-imt tools -20260704t163934z-3-001/00-imt tools/03- imt sdk/03- imt sdk/imt_sdk_win_64/imt_sdk_win_64/winarm/armgcc/bin/../lib/gcc/arm-none-eabi/7.2.1/../../../../arm-none-eabi/lib/thumb/v7e-m\libg_nano.a(lib_a-nano-vfscanf_i.o)
 .rodata._scanf_i.str1.1
                0x080026e4       0x12 d:/arm_iti/00-imt tools -20260704t163934z-3-001/00-imt tools/03- imt sdk/03- imt sdk/imt_sdk_win_64/imt_sdk_win_64/winarm/armgcc/bin/../lib/gcc/arm-none-eabi/7.2.1/../../../../arm-none-eabi/lib/thumb/v7e-m\libg_nano.a(lib_a-nano-vfscanf_i.o)
 .rodata.str1.1
                0x080026f6        0x9 d:/arm_iti/00-imt tools -20260704t163934z-3-001/00-imt tools/03- imt sdk/03- imt sdk/imt_sdk_win_64/imt_sdk_win_64/winarm/armgcc/bin/../lib/gcc/arm-none-eabi/7.2.1/../../../../arm-none-eabi/lib/thumb/v7e-m\libg_nano.a(lib_a-nano-vfscanf_i.o)
 *fill*         0x080026ff        0x1 
 .rodata.__sf_fake_stderr
                0x08002700       0x20 d:/arm_iti/00-imt tools -20260704t163934z-3-001/00-imt tools/03- imt sdk/03- imt sdk/imt_sdk_win_64/imt_sdk_win_64/winarm/armgcc/bin/../lib/gcc/arm-none-eabi/7.2.1/../../../../arm-none-eabi/lib/thumb/v7e-m\libg_nano.a(lib_a-findfp.o)
                0x08002700                __sf_fake_stderr
 .rodata.__sf_fake_stdin
                0x08002720       0x20 d:/arm_iti/00-imt tools -20260704t163934z-3-001/00-imt tools/03- imt sdk/03- imt sdk/imt_sdk_win_64/imt_sdk_win_64/winarm/armgcc/bin/../lib/gcc/arm-none-eabi/7.2.1/../../../../arm-none-eabi/lib/thumb/v7e-m\libg_nano.a(lib_a-findfp.o)
                0x08002720                __sf_fake_stdin
 .rodata.__sf_fake_stdout
                0x08002740       0x20 d:/arm_iti/00-imt tools -20260704t163934z-3-001/00-imt tools/03- imt sdk/03- imt sdk/imt_sdk_win_64/imt_sdk_win_64/winarm/armgcc/bin/../lib/gcc/arm-none-eabi/7.2.1/../../../../arm-none-eabi/lib/thumb/v7e-m\libg_nano.a(lib_a-findfp.o)
                0x08002740                __sf_fake_stdout
 .rodata._setlocale_r.str1.1
                0x08002760        0x8 d:/arm_iti/00-imt tools -20260704t163934z-3-001/00-imt tools/03- imt sdk/03- imt sdk/imt_sdk_win_64/imt_sdk_win_64/winarm/armgcc/bin/../lib/gcc/arm-none-eabi/7.2.1/../../../../arm-none-eabi/lib/thumb/v7e-m\libg_nano.a(lib_a-locale.o)
                                  0x9 (size before relaxing)
 .rodata.str1.1
                0x08002768        0x2 d:/arm_iti/00-imt tools -20260704t163934z-3-001/00-imt tools/03- imt sdk/03- imt sdk/imt_sdk_win_64/imt_sdk_win_64/winarm/armgcc/bin/../lib/gcc/arm-none-eabi/7.2.1/../../../../arm-none-eabi/lib/thumb/v7e-m\libg_nano.a(lib_a-locale.o)
 .rodata._ctype_
                0x0800276a      0x101 d:/arm_iti/00-imt tools -20260704t163934z-3-001/00-imt tools/03- imt sdk/03- imt sdk/imt_sdk_win_64/imt_sdk_win_64/winarm/armgcc/bin/../lib/gcc/arm-none-eabi/7.2.1/../../../../arm-none-eabi/lib/thumb/v7e-m\libg_nano.a(lib_a-ctype_.o)
                0x0800276a                _ctype_
 *(vtable)
 *(.eh_frame*)
 *(.glue_7)
 .glue_7        0x0800286b        0x0 linker stubs
 *(.glue_7t)
 .glue_7t       0x0800286b        0x0 linker stubs

.vfp11_veneer   0x0800286c        0x0
 .vfp11_veneer  0x0800286c        0x0 linker stubs

.v4_bx          0x0800286c        0x0
 .v4_bx         0x0800286c        0x0 linker stubs

.iplt           0x0800286c        0x0
 .iplt          0x0800286c        0x0 ./system/src/newlib/_exit.o

.rel.dyn        0x0800286c        0x0
 .rel.iplt      0x0800286c        0x0 ./system/src/newlib/_exit.o

.ARM.extab
 *(.ARM.extab* .gnu.linkonce.armextab.*)
                0x0800286c                . = ALIGN (0x4)
                0x0800286c                __exidx_start = .

.ARM.exidx
 *(.ARM.exidx* .gnu.linkonce.armexidx.*)
                0x0800286c                __exidx_end = .
                0x0800286c                . = ALIGN (0x4)
                0x0800286c                _etext = .
                0x0800286c                __etext = .

.data_CCMRAM    0x10000000        0x0 load address 0x0800286c
 FILL mask 0xff
 *(.data.CCMRAM .data.CCMRAM.*)
                0x10000000                . = ALIGN (0x4)
                0x0800286c                _sidata = LOADADDR (.data)

.data           0x20000000      0x1e4 load address 0x0800286c
 FILL mask 0xff
                0x20000000                _sdata = .
                0x20000000                __data_start__ = .
 *(.data_begin .data_begin.*)
 .data_begin    0x20000000        0x4 ./system/src/newlib/_startup.o
 *(.data .data.*)
 .data.argv.4310
                0x20000004        0x8 ./system/src/newlib/_syscalls.o
 .data.SystemCoreClock
                0x2000000c        0x4 ./system/src/cmsis/system_stm32f4xx.o
                0x2000000c                SystemCoreClock
 .data._impure_ptr
                0x20000010        0x4 d:/arm_iti/00-imt tools -20260704t163934z-3-001/00-imt tools/03- imt sdk/03- imt sdk/imt_sdk_win_64/imt_sdk_win_64/winarm/armgcc/bin/../lib/gcc/arm-none-eabi/7.2.1/../../../../arm-none-eabi/lib/thumb/v7e-m\libg_nano.a(lib_a-impure.o)
                0x20000010                _impure_ptr
 .data.impure_data
                0x20000014       0x60 d:/arm_iti/00-imt tools -20260704t163934z-3-001/00-imt tools/03- imt sdk/03- imt sdk/imt_sdk_win_64/imt_sdk_win_64/winarm/armgcc/bin/../lib/gcc/arm-none-eabi/7.2.1/../../../../arm-none-eabi/lib/thumb/v7e-m\libg_nano.a(lib_a-impure.o)
 .data.__global_locale
                0x20000074      0x16c d:/arm_iti/00-imt tools -20260704t163934z-3-001/00-imt tools/03- imt sdk/03- imt sdk/imt_sdk_win_64/imt_sdk_win_64/winarm/armgcc/bin/../lib/gcc/arm-none-eabi/7.2.1/../../../../arm-none-eabi/lib/thumb/v7e-m\libg_nano.a(lib_a-locale.o)
                0x20000074                __global_locale
 *(.data_end .data_end.*)
 .data_end      0x200001e0        0x4 ./system/src/newlib/_startup.o
                0x200001e4                . = ALIGN (0x4)
                0x200001e4                _edata = .
                0x200001e4                __data_end__ = .

.igot.plt       0x200001e4        0x0 load address 0x08002a50
 .igot.plt      0x200001e4        0x0 ./system/src/newlib/_exit.o

.bss_CCMRAM     0x10000000        0x0
 *(.bss.CCMRAM .bss.CCMRAM.*)

.bss            0x200001e4      0x134
                0x200001e4                __bss_start__ = .
                0x200001e4                _sbss = .
 *(.bss_begin .bss_begin.*)
 .bss_begin     0x200001e4        0x4 ./system/src/newlib/_startup.o
 *(.bss .bss.*)
 .bss.current_heap_end.3961
                0x200001e8        0x4 ./system/src/newlib/_sbrk.o
 .bss.name.4309
                0x200001ec        0x1 ./system/src/newlib/_syscalls.o
 *fill*         0x200001ed        0x3 
 .bss.buf.5205  0x200001f0       0x80 ./system/src/diag/Trace.o
 .bss.Local_pvEXTI0Callback
                0x20000270        0x4 ./src/MEXTI_program.o
 .bss.MSYSTICK_pvCallBack
                0x20000274        0x4 ./src/MSYSTICK_program.o
 .bss.hb.9452   0x20000278        0x1 ./src/main.o
 *fill*         0x20000279        0x3 
 .bss.lastCommandMs
                0x2000027c        0x4 ./src/main.o
 .bss.rxBuffer  0x20000280       0x80 ./src/main.o
 .bss.rxHead    0x20000300        0x1 ./src/main.o
 .bss.rxTail    0x20000301        0x1 ./src/main.o
 *fill*         0x20000302        0x2 
 .bss.systemMs  0x20000304        0x4 ./src/main.o
 .bss.__malloc_free_list
                0x20000308        0x4 d:/arm_iti/00-imt tools -20260704t163934z-3-001/00-imt tools/03- imt sdk/03- imt sdk/imt_sdk_win_64/imt_sdk_win_64/winarm/armgcc/bin/../lib/gcc/arm-none-eabi/7.2.1/../../../../arm-none-eabi/lib/thumb/v7e-m\libg_nano.a(lib_a-nano-mallocr.o)
                0x20000308                __malloc_free_list
 .bss.__malloc_sbrk_start
                0x2000030c        0x4 d:/arm_iti/00-imt tools -20260704t163934z-3-001/00-imt tools/03- imt sdk/03- imt sdk/imt_sdk_win_64/imt_sdk_win_64/winarm/armgcc/bin/../lib/gcc/arm-none-eabi/7.2.1/../../../../arm-none-eabi/lib/thumb/v7e-m\libg_nano.a(lib_a-nano-mallocr.o)
                0x2000030c                __malloc_sbrk_start
 *(COMMON)
 COMMON         0x20000310        0x4 ./system/src/newlib/_syscalls.o
                0x20000310                errno
 *(.bss_end .bss_end.*)
 .bss_end       0x20000314        0x4 ./system/src/newlib/_startup.o
                0x20000318                . = ALIGN (0x4)
                0x20000318                __bss_end__ = .
                0x20000318                _ebss = .

.noinit_CCMRAM
 *(.noinit.CCMRAM .noinit.CCMRAM.*)

.noinit         0x20000318        0x0
                0x20000318                _noinit = .
 *(.noinit .noinit.*)
                0x20000318                . = ALIGN (0x4)
                0x20000318                _end_noinit = .
                [!provide]                PROVIDE (end, _end_noinit)
                [!provide]                PROVIDE (_end, _end_noinit)
                [!provide]                PROVIDE (__end, _end_noinit)
                [!provide]                PROVIDE (__end__, _end_noinit)

._check_stack   0x20000318      0x100
                0x20000418                . = (. + _Minimum_Stack_Size)
 *fill*         0x20000318      0x100 

.b1text
 *(.b1text)
 *(.b1rodata)
 *(.b1rodata.*)

.eb0text
 *(.eb0text)
 *(.eb0rodata)
 *(.eb0rodata.*)

.eb1text
 *(.eb1text)
 *(.eb1rodata)
 *(.eb1rodata.*)

.eb2text
 *(.eb2text)
 *(.eb2rodata)
 *(.eb2rodata.*)

.eb3text
 *(.eb3text)
 *(.eb3rodata)
 *(.eb3rodata.*)

.stab
 *(.stab)

.stabstr
 *(.stabstr)

.stab.excl
 *(.stab.excl)

.stab.exclstr
 *(.stab.exclstr)

.stab.index
 *(.stab.index)

.stab.indexstr
 *(.stab.indexstr)

.comment        0x00000000       0x7e
 *(.comment)
 .comment       0x00000000       0x7e ./system/src/newlib/_exit.o
                                 0x7f (size before relaxing)
 .comment       0x0000007e       0x7f ./system/src/newlib/_sbrk.o
 .comment       0x0000007e       0x7f ./system/src/newlib/_startup.o
 .comment       0x0000007e       0x7f ./system/src/newlib/_syscalls.o
 .comment       0x0000007e       0x7f ./system/src/diag/Trace.o
 .comment       0x0000007e       0x7f ./system/src/diag/trace_impl.o
 .comment       0x0000007e       0x7f ./system/src/cortexm/_initialize_hardware.o
 .comment       0x0000007e       0x7f ./system/src/cortexm/exception_handlers.o
 .comment       0x0000007e       0x7f ./system/src/cmsis/system_stm32f4xx.o
 .comment       0x0000007e       0x7f ./system/src/cmsis/vectors_stm32f407xx.o
 .comment       0x0000007e       0x7f ./src/MEXTI_program.o
 .comment       0x0000007e       0x7f ./src/MGPIO_program.o
 .comment       0x0000007e       0x7f ./src/MNVIC_program.o
 .comment       0x0000007e       0x7f ./src/MRCC_program.o
 .comment       0x0000007e       0x7f ./src/MSYSTICK_program.o
 .comment       0x0000007e       0x7f ./src/main.o

.ARM.attributes
                0x00000000       0x31
 .ARM.attributes
                0x00000000       0x33 ./system/src/newlib/_exit.o
 .ARM.attributes
                0x00000033       0x33 ./system/src/newlib/_sbrk.o
 .ARM.attributes
                0x00000066       0x33 ./system/src/newlib/_startup.o
 .ARM.attributes
                0x00000099       0x33 ./system/src/newlib/_syscalls.o
 .ARM.attributes
                0x000000cc       0x33 ./system/src/diag/Trace.o
 .ARM.attributes
                0x000000ff       0x33 ./system/src/diag/trace_impl.o
 .ARM.attributes
                0x00000132       0x33 ./system/src/cortexm/_initialize_hardware.o
 .ARM.attributes
                0x00000165       0x33 ./system/src/cortexm/exception_handlers.o
 .ARM.attributes
                0x00000198       0x33 ./system/src/cmsis/system_stm32f4xx.o
 .ARM.attributes
                0x000001cb       0x33 ./system/src/cmsis/vectors_stm32f407xx.o
 .ARM.attributes
                0x000001fe       0x33 ./src/MEXTI_program.o
 .ARM.attributes
                0x00000231       0x33 ./src/MGPIO_program.o
 .ARM.attributes
                0x00000264       0x33 ./src/MNVIC_program.o
 .ARM.attributes
                0x00000297       0x33 ./src/MRCC_program.o
 .ARM.attributes
                0x000002ca       0x33 ./src/MSYSTICK_program.o
 .ARM.attributes
                0x000002fd       0x33 ./src/main.o
 .ARM.attributes
                0x00000330       0x2e d:/arm_iti/00-imt tools -20260704t163934z-3-001/00-imt tools/03- imt sdk/03- imt sdk/imt_sdk_win_64/imt_sdk_win_64/winarm/armgcc/bin/../lib/gcc/arm-none-eabi/7.2.1/../../../../arm-none-eabi/lib/thumb/v7e-m\libg_nano.a(lib_a-errno.o)
 .ARM.attributes
                0x0000035e       0x2e d:/arm_iti/00-imt tools -20260704t163934z-3-001/00-imt tools/03- imt sdk/03- imt sdk/imt_sdk_win_64/imt_sdk_win_64/winarm/armgcc/bin/../lib/gcc/arm-none-eabi/7.2.1/../../../../arm-none-eabi/lib/thumb/v7e-m\libg_nano.a(lib_a-impure.o)
 .ARM.attributes
                0x0000038c       0x2e d:/arm_iti/00-imt tools -20260704t163934z-3-001/00-imt tools/03- imt sdk/03- imt sdk/imt_sdk_win_64/imt_sdk_win_64/winarm/armgcc/bin/../lib/gcc/arm-none-eabi/7.2.1/../../../../arm-none-eabi/lib/thumb/v7e-m\libg_nano.a(lib_a-sprintf.o)
 .ARM.attributes
                0x000003ba       0x2e d:/arm_iti/00-imt tools -20260704t163934z-3-001/00-imt tools/03- imt sdk/03- imt sdk/imt_sdk_win_64/imt_sdk_win_64/winarm/armgcc/bin/../lib/gcc/arm-none-eabi/7.2.1/../../../../arm-none-eabi/lib/thumb/v7e-m\libg_nano.a(lib_a-sscanf.o)
 .ARM.attributes
                0x000003e8       0x2e d:/arm_iti/00-imt tools -20260704t163934z-3-001/00-imt tools/03- imt sdk/03- imt sdk/imt_sdk_win_64/imt_sdk_win_64/winarm/armgcc/bin/../lib/gcc/arm-none-eabi/7.2.1/../../../../arm-none-eabi/lib/thumb/v7e-m\libg_nano.a(lib_a-stdio.o)
 .ARM.attributes
                0x00000416       0x17 d:/arm_iti/00-imt tools -20260704t163934z-3-001/00-imt tools/03- imt sdk/03- imt sdk/imt_sdk_win_64/imt_sdk_win_64/winarm/armgcc/bin/../lib/gcc/arm-none-eabi/7.2.1/../../../../arm-none-eabi/lib/thumb/v7e-m\libg_nano.a(lib_a-strlen.o)
 .ARM.attributes
                0x0000042d       0x2e d:/arm_iti/00-imt tools -20260704t163934z-3-001/00-imt tools/03- imt sdk/03- imt sdk/imt_sdk_win_64/imt_sdk_win_64/winarm/armgcc/bin/../lib/gcc/arm-none-eabi/7.2.1/../../../../arm-none-eabi/lib/thumb/v7e-m\libg_nano.a(lib_a-strncmp.o)
 .ARM.attributes
                0x0000045b       0x2e d:/arm_iti/00-imt tools -20260704t163934z-3-001/00-imt tools/03- imt sdk/03- imt sdk/imt_sdk_win_64/imt_sdk_win_64/winarm/armgcc/bin/../lib/gcc/arm-none-eabi/7.2.1/../../../../arm-none-eabi/lib/thumb/v7e-m\libg_nano.a(lib_a-strstr.o)
 .ARM.attributes
                0x00000489       0x2e d:/arm_iti/00-imt tools -20260704t163934z-3-001/00-imt tools/03- imt sdk/03- imt sdk/imt_sdk_win_64/imt_sdk_win_64/winarm/armgcc/bin/../lib/gcc/arm-none-eabi/7.2.1/../../../../arm-none-eabi/lib/thumb/v7e-m\libg_nano.a(lib_a-vsnprintf.o)
 .ARM.attributes
                0x000004b7       0x2e d:/arm_iti/00-imt tools -20260704t163934z-3-001/00-imt tools/03- imt sdk/03- imt sdk/imt_sdk_win_64/imt_sdk_win_64/winarm/armgcc/bin/../lib/gcc/arm-none-eabi/7.2.1/../../../../arm-none-eabi/lib/thumb/v7e-m\libg_nano.a(lib_a-nano-svfprintf.o)
 .ARM.attributes
                0x000004e5       0x2e d:/arm_iti/00-imt tools -20260704t163934z-3-001/00-imt tools/03- imt sdk/03- imt sdk/imt_sdk_win_64/imt_sdk_win_64/winarm/armgcc/bin/../lib/gcc/arm-none-eabi/7.2.1/../../../../arm-none-eabi/lib/thumb/v7e-m\libg_nano.a(lib_a-nano-svfscanf.o)
 .ARM.attributes
                0x00000513       0x2e d:/arm_iti/00-imt tools -20260704t163934z-3-001/00-imt tools/03- imt sdk/03- imt sdk/imt_sdk_win_64/imt_sdk_win_64/winarm/armgcc/bin/../lib/gcc/arm-none-eabi/7.2.1/../../../../arm-none-eabi/lib/thumb/v7e-m\libg_nano.a(lib_a-nano-vfprintf_i.o)
 .ARM.attributes
                0x00000541       0x2e d:/arm_iti/00-imt tools -20260704t163934z-3-001/00-imt tools/03- imt sdk/03- imt sdk/imt_sdk_win_64/imt_sdk_win_64/winarm/armgcc/bin/../lib/gcc/arm-none-eabi/7.2.1/../../../../arm-none-eabi/lib/thumb/v7e-m\libg_nano.a(lib_a-nano-vfscanf_i.o)
 .ARM.attributes
                0x0000056f       0x2e d:/arm_iti/00-imt tools -20260704t163934z-3-001/00-imt tools/03- imt sdk/03- imt sdk/imt_sdk_win_64/imt_sdk_win_64/winarm/armgcc/bin/../lib/gcc/arm-none-eabi/7.2.1/../../../../arm-none-eabi/lib/thumb/v7e-m\libg_nano.a(lib_a-sccl.o)
 .ARM.attributes
                0x0000059d       0x2e d:/arm_iti/00-imt tools -20260704t163934z-3-001/00-imt tools/03- imt sdk/03- imt sdk/imt_sdk_win_64/imt_sdk_win_64/winarm/armgcc/bin/../lib/gcc/arm-none-eabi/7.2.1/../../../../arm-none-eabi/lib/thumb/v7e-m\libg_nano.a(lib_a-strtol.o)
 .ARM.attributes
                0x000005cb       0x2e d:/arm_iti/00-imt tools -20260704t163934z-3-001/00-imt tools/03- imt sdk/03- imt sdk/imt_sdk_win_64/imt_sdk_win_64/winarm/armgcc/bin/../lib/gcc/arm-none-eabi/7.2.1/../../../../arm-none-eabi/lib/thumb/v7e-m\libg_nano.a(lib_a-strtoul.o)
 .ARM.attributes
                0x000005f9       0x2e d:/arm_iti/00-imt tools -20260704t163934z-3-001/00-imt tools/03- imt sdk/03- imt sdk/imt_sdk_win_64/imt_sdk_win_64/winarm/armgcc/bin/../lib/gcc/arm-none-eabi/7.2.1/../../../../arm-none-eabi/lib/thumb/v7e-m\libg_nano.a(lib_a-ungetc.o)
 .ARM.attributes
                0x00000627       0x2e d:/arm_iti/00-imt tools -20260704t163934z-3-001/00-imt tools/03- imt sdk/03- imt sdk/imt_sdk_win_64/imt_sdk_win_64/winarm/armgcc/bin/../lib/gcc/arm-none-eabi/7.2.1/../../../../arm-none-eabi/lib/thumb/v7e-m\libg_nano.a(lib_a-findfp.o)
 .ARM.attributes
                0x00000655       0x2e d:/arm_iti/00-imt tools -20260704t163934z-3-001/00-imt tools/03- imt sdk/03- imt sdk/imt_sdk_win_64/imt_sdk_win_64/winarm/armgcc/bin/../lib/gcc/arm-none-eabi/7.2.1/../../../../arm-none-eabi/lib/thumb/v7e-m\libg_nano.a(lib_a-locale.o)
 .ARM.attributes
                0x00000683       0x2e d:/arm_iti/00-imt tools -20260704t163934z-3-001/00-imt tools/03- imt sdk/03- imt sdk/imt_sdk_win_64/imt_sdk_win_64/winarm/armgcc/bin/../lib/gcc/arm-none-eabi/7.2.1/../../../../arm-none-eabi/lib/thumb/v7e-m\libg_nano.a(lib_a-mbtowc_r.o)
 .ARM.attributes
                0x000006b1       0x1c d:/arm_iti/00-imt tools -20260704t163934z-3-001/00-imt tools/03- imt sdk/03- imt sdk/imt_sdk_win_64/imt_sdk_win_64/winarm/armgcc/bin/../lib/gcc/arm-none-eabi/7.2.1/../../../../arm-none-eabi/lib/thumb/v7e-m\libg_nano.a(lib_a-memchr.o)
 .ARM.attributes
                0x000006cd       0x2e d:/arm_iti/00-imt tools -20260704t163934z-3-001/00-imt tools/03- imt sdk/03- imt sdk/imt_sdk_win_64/imt_sdk_win_64/winarm/armgcc/bin/../lib/gcc/arm-none-eabi/7.2.1/../../../../arm-none-eabi/lib/thumb/v7e-m\libg_nano.a(lib_a-memcpy-stub.o)
 .ARM.attributes
                0x000006fb       0x2e d:/arm_iti/00-imt tools -20260704t163934z-3-001/00-imt tools/03- imt sdk/03- imt sdk/imt_sdk_win_64/imt_sdk_win_64/winarm/armgcc/bin/../lib/gcc/arm-none-eabi/7.2.1/../../../../arm-none-eabi/lib/thumb/v7e-m\libg_nano.a(lib_a-memmove.o)
 .ARM.attributes
                0x00000729       0x2e d:/arm_iti/00-imt tools -20260704t163934z-3-001/00-imt tools/03- imt sdk/03- imt sdk/imt_sdk_win_64/imt_sdk_win_64/winarm/armgcc/bin/../lib/gcc/arm-none-eabi/7.2.1/../../../../arm-none-eabi/lib/thumb/v7e-m\libg_nano.a(lib_a-nano-freer.o)
 .ARM.attributes
                0x00000757       0x2e d:/arm_iti/00-imt tools -20260704t163934z-3-001/00-imt tools/03- imt sdk/03- imt sdk/imt_sdk_win_64/imt_sdk_win_64/winarm/armgcc/bin/../lib/gcc/arm-none-eabi/7.2.1/../../../../arm-none-eabi/lib/thumb/v7e-m\libg_nano.a(lib_a-nano-mallocr.o)
 .ARM.attributes
                0x00000785       0x2e d:/arm_iti/00-imt tools -20260704t163934z-3-001/00-imt tools/03- imt sdk/03- imt sdk/imt_sdk_win_64/imt_sdk_win_64/winarm/armgcc/bin/../lib/gcc/arm-none-eabi/7.2.1/../../../../arm-none-eabi/lib/thumb/v7e-m\libg_nano.a(lib_a-nano-reallocr.o)
 .ARM.attributes
                0x000007b3       0x2e d:/arm_iti/00-imt tools -20260704t163934z-3-001/00-imt tools/03- imt sdk/03- imt sdk/imt_sdk_win_64/imt_sdk_win_64/winarm/armgcc/bin/../lib/gcc/arm-none-eabi/7.2.1/../../../../arm-none-eabi/lib/thumb/v7e-m\libg_nano.a(lib_a-sbrkr.o)
 .ARM.attributes
                0x000007e1       0x2e d:/arm_iti/00-imt tools -20260704t163934z-3-001/00-imt tools/03- imt sdk/03- imt sdk/imt_sdk_win_64/imt_sdk_win_64/winarm/armgcc/bin/../lib/gcc/arm-none-eabi/7.2.1/../../../../arm-none-eabi/lib/thumb/v7e-m\libg_nano.a(lib_a-wctomb_r.o)
 .ARM.attributes
                0x0000080f       0x2e d:/arm_iti/00-imt tools -20260704t163934z-3-001/00-imt tools/03- imt sdk/03- imt sdk/imt_sdk_win_64/imt_sdk_win_64/winarm/armgcc/bin/../lib/gcc/arm-none-eabi/7.2.1/../../../../arm-none-eabi/lib/thumb/v7e-m\libg_nano.a(lib_a-ctype_.o)
 .ARM.attributes
                0x0000083d       0x2e d:/arm_iti/00-imt tools -20260704t163934z-3-001/00-imt tools/03- imt sdk/03- imt sdk/imt_sdk_win_64/imt_sdk_win_64/winarm/armgcc/bin/../lib/gcc/arm-none-eabi/7.2.1/../../../../arm-none-eabi/lib/thumb/v7e-m\libg_nano.a(lib_a-mlock.o)
 .ARM.attributes
                0x0000086b       0x2e d:/arm_iti/00-imt tools -20260704t163934z-3-001/00-imt tools/03- imt sdk/03- imt sdk/imt_sdk_win_64/imt_sdk_win_64/winarm/armgcc/bin/../lib/gcc/arm-none-eabi/7.2.1/../../../../arm-none-eabi/lib/thumb/v7e-m\libg_nano.a(lib_a-nano-msizer.o)

.debug
 *(.debug)

.line
 *(.line)

.debug_srcinfo
 *(.debug_srcinfo)

.debug_sfnames
 *(.debug_sfnames)

.debug_aranges  0x00000000      0x448
 *(.debug_aranges)
 .debug_aranges
                0x00000000       0x28 ./system/src/newlib/_exit.o
 .debug_aranges
                0x00000028       0x20 ./system/src/newlib/_sbrk.o
 .debug_aranges
                0x00000048       0x40 ./system/src/newlib/_startup.o
 .debug_aranges
                0x00000088       0x30 ./system/src/newlib/_syscalls.o
 .debug_aranges
                0x000000b8       0x38 ./system/src/diag/Trace.o
 .debug_aranges
                0x000000f0       0x30 ./system/src/diag/trace_impl.o
 .debug_aranges
                0x00000120       0x28 ./system/src/cortexm/_initialize_hardware.o
 .debug_aranges
                0x00000148       0x90 ./system/src/cortexm/exception_handlers.o
 .debug_aranges
                0x000001d8       0x28 ./system/src/cmsis/system_stm32f4xx.o
 .debug_aranges
                0x00000200       0x20 ./system/src/cmsis/vectors_stm32f407xx.o
 .debug_aranges
                0x00000220       0x48 ./src/MEXTI_program.o
 .debug_aranges
                0x00000268       0x58 ./src/MGPIO_program.o
 .debug_aranges
                0x000002c0       0x58 ./src/MNVIC_program.o
 .debug_aranges
                0x00000318       0x30 ./src/MRCC_program.o
 .debug_aranges
                0x00000348       0x68 ./src/MSYSTICK_program.o
 .debug_aranges
                0x000003b0       0x98 ./src/main.o

.debug_pubnames
 *(.debug_pubnames)

.debug_info     0x00000000     0x9078
 *(.debug_info .gnu.linkonce.wi.*)
 .debug_info    0x00000000      0x956 ./system/src/newlib/_exit.o
 .debug_info    0x00000956      0x942 ./system/src/newlib/_sbrk.o
 .debug_info    0x00001298      0x4bf ./system/src/newlib/_startup.o
 .debug_info    0x00001757      0xa19 ./system/src/newlib/_syscalls.o
 .debug_info    0x00002170      0xb2a ./system/src/diag/Trace.o
 .debug_info    0x00002c9a      0xb6b ./system/src/diag/trace_impl.o
 .debug_info    0x00003805      0xade ./system/src/cortexm/_initialize_hardware.o
 .debug_info    0x000042e3     0x115a ./system/src/cortexm/exception_handlers.o
 .debug_info    0x0000543d      0xcd4 ./system/src/cmsis/system_stm32f4xx.o
 .debug_info    0x00006111       0xca ./system/src/cmsis/vectors_stm32f407xx.o
 .debug_info    0x000061db      0x38a ./src/MEXTI_program.o
 .debug_info    0x00006565      0x5b8 ./src/MGPIO_program.o
 .debug_info    0x00006b1d      0x36d ./src/MNVIC_program.o
 .debug_info    0x00006e8a      0x2d6 ./src/MRCC_program.o
 .debug_info    0x00007160      0x20d ./src/MSYSTICK_program.o
 .debug_info    0x0000736d     0x1d0b ./src/main.o

.debug_abbrev   0x00000000     0x1ded
 *(.debug_abbrev)
 .debug_abbrev  0x00000000      0x1f3 ./system/src/newlib/_exit.o
 .debug_abbrev  0x000001f3      0x1fc ./system/src/newlib/_sbrk.o
 .debug_abbrev  0x000003ef      0x1cb ./system/src/newlib/_startup.o
 .debug_abbrev  0x000005ba      0x234 ./system/src/newlib/_syscalls.o
 .debug_abbrev  0x000007ee      0x276 ./system/src/diag/Trace.o
 .debug_abbrev  0x00000a64      0x2ef ./system/src/diag/trace_impl.o
 .debug_abbrev  0x00000d53      0x1de ./system/src/cortexm/_initialize_hardware.o
 .debug_abbrev  0x00000f31      0x32b ./system/src/cortexm/exception_handlers.o
 .debug_abbrev  0x0000125c      0x216 ./system/src/cmsis/system_stm32f4xx.o
 .debug_abbrev  0x00001472       0x9d ./system/src/cmsis/vectors_stm32f407xx.o
 .debug_abbrev  0x0000150f      0x139 ./src/MEXTI_program.o
 .debug_abbrev  0x00001648      0x158 ./src/MGPIO_program.o
 .debug_abbrev  0x000017a0      0x125 ./src/MNVIC_program.o
 .debug_abbrev  0x000018c5       0xc2 ./src/MRCC_program.o
 .debug_abbrev  0x00001987      0x155 ./src/MSYSTICK_program.o
 .debug_abbrev  0x00001adc      0x311 ./src/main.o

.debug_line     0x00000000     0x5fbf
 *(.debug_line)
 .debug_line    0x00000000      0x491 ./system/src/newlib/_exit.o
 .debug_line    0x00000491      0x42f ./system/src/newlib/_sbrk.o
 .debug_line    0x000008c0      0x4f7 ./system/src/newlib/_startup.o
 .debug_line    0x00000db7      0x590 ./system/src/newlib/_syscalls.o
 .debug_line    0x00001347      0x50d ./system/src/diag/Trace.o
 .debug_line    0x00001854      0xc80 ./system/src/diag/trace_impl.o
 .debug_line    0x000024d4      0xbbd ./system/src/cortexm/_initialize_hardware.o
 .debug_line    0x00003091      0xd4d ./system/src/cortexm/exception_handlers.o
 .debug_line    0x00003dde      0xbc3 ./system/src/cmsis/system_stm32f4xx.o
 .debug_line    0x000049a1      0x163 ./system/src/cmsis/vectors_stm32f407xx.o
 .debug_line    0x00004b04      0x12b ./src/MEXTI_program.o
 .debug_line    0x00004c2f      0x189 ./src/MGPIO_program.o
 .debug_line    0x00004db8      0x12a ./src/MNVIC_program.o
 .debug_line    0x00004ee2       0xf3 ./src/MRCC_program.o
 .debug_line    0x00004fd5      0x17b ./src/MSYSTICK_program.o
 .debug_line    0x00005150      0xe6f ./src/main.o

.debug_frame    0x00000000     0x11e8
 *(.debug_frame)
 .debug_frame   0x00000000       0x38 ./system/src/newlib/_exit.o
 .debug_frame   0x00000038       0x28 ./system/src/newlib/_sbrk.o
 .debug_frame   0x00000060       0x7c ./system/src/newlib/_startup.o
 .debug_frame   0x000000dc       0x50 ./system/src/newlib/_syscalls.o
 .debug_frame   0x0000012c       0x94 ./system/src/diag/Trace.o
 .debug_frame   0x000001c0       0x64 ./system/src/diag/trace_impl.o
 .debug_frame   0x00000224       0x40 ./system/src/cortexm/_initialize_hardware.o
 .debug_frame   0x00000264      0x158 ./system/src/cortexm/exception_handlers.o
 .debug_frame   0x000003bc       0x30 ./system/src/cmsis/system_stm32f4xx.o
 .debug_frame   0x000003ec       0x20 ./system/src/cmsis/vectors_stm32f407xx.o
 .debug_frame   0x0000040c       0x8c ./src/MEXTI_program.o
 .debug_frame   0x00000498       0xe0 ./src/MGPIO_program.o
 .debug_frame   0x00000578       0xc4 ./src/MNVIC_program.o
 .debug_frame   0x0000063c       0x40 ./src/MRCC_program.o
 .debug_frame   0x0000067c       0xc8 ./src/MSYSTICK_program.o
 .debug_frame   0x00000744      0x1a0 ./src/main.o
 .debug_frame   0x000008e4       0x20 d:/arm_iti/00-imt tools -20260704t163934z-3-001/00-imt tools/03- imt sdk/03- imt sdk/imt_sdk_win_64/imt_sdk_win_64/winarm/armgcc/bin/../lib/gcc/arm-none-eabi/7.2.1/../../../../arm-none-eabi/lib/thumb/v7e-m\libg_nano.a(lib_a-errno.o)
 .debug_frame   0x00000904       0x6c d:/arm_iti/00-imt tools -20260704t163934z-3-001/00-imt tools/03- imt sdk/03- imt sdk/imt_sdk_win_64/imt_sdk_win_64/winarm/armgcc/bin/../lib/gcc/arm-none-eabi/7.2.1/../../../../arm-none-eabi/lib/thumb/v7e-m\libg_nano.a(lib_a-sprintf.o)
 .debug_frame   0x00000970       0x80 d:/arm_iti/00-imt tools -20260704t163934z-3-001/00-imt tools/03- imt sdk/03- imt sdk/imt_sdk_win_64/imt_sdk_win_64/winarm/armgcc/bin/../lib/gcc/arm-none-eabi/7.2.1/../../../../arm-none-eabi/lib/thumb/v7e-m\libg_nano.a(lib_a-sscanf.o)
 .debug_frame   0x000009f0       0x88 d:/arm_iti/00-imt tools -20260704t163934z-3-001/00-imt tools/03- imt sdk/03- imt sdk/imt_sdk_win_64/imt_sdk_win_64/winarm/armgcc/bin/../lib/gcc/arm-none-eabi/7.2.1/../../../../arm-none-eabi/lib/thumb/v7e-m\libg_nano.a(lib_a-stdio.o)
 .debug_frame   0x00000a78       0x28 d:/arm_iti/00-imt tools -20260704t163934z-3-001/00-imt tools/03- imt sdk/03- imt sdk/imt_sdk_win_64/imt_sdk_win_64/winarm/armgcc/bin/../lib/gcc/arm-none-eabi/7.2.1/../../../../arm-none-eabi/lib/thumb/v7e-m\libg_nano.a(lib_a-strncmp.o)
 .debug_frame   0x00000aa0       0x30 d:/arm_iti/00-imt tools -20260704t163934z-3-001/00-imt tools/03- imt sdk/03- imt sdk/imt_sdk_win_64/imt_sdk_win_64/winarm/armgcc/bin/../lib/gcc/arm-none-eabi/7.2.1/../../../../arm-none-eabi/lib/thumb/v7e-m\libg_nano.a(lib_a-strstr.o)
 .debug_frame   0x00000ad0       0x4c d:/arm_iti/00-imt tools -20260704t163934z-3-001/00-imt tools/03- imt sdk/03- imt sdk/imt_sdk_win_64/imt_sdk_win_64/winarm/armgcc/bin/../lib/gcc/arm-none-eabi/7.2.1/../../../../arm-none-eabi/lib/thumb/v7e-m\libg_nano.a(lib_a-vsnprintf.o)
 .debug_frame   0x00000b1c       0x90 d:/arm_iti/00-imt tools -20260704t163934z-3-001/00-imt tools/03- imt sdk/03- imt sdk/imt_sdk_win_64/imt_sdk_win_64/winarm/armgcc/bin/../lib/gcc/arm-none-eabi/7.2.1/../../../../arm-none-eabi/lib/thumb/v7e-m\libg_nano.a(lib_a-nano-svfprintf.o)
 .debug_frame   0x00000bac       0x78 d:/arm_iti/00-imt tools -20260704t163934z-3-001/00-imt tools/03- imt sdk/03- imt sdk/imt_sdk_win_64/imt_sdk_win_64/winarm/armgcc/bin/../lib/gcc/arm-none-eabi/7.2.1/../../../../arm-none-eabi/lib/thumb/v7e-m\libg_nano.a(lib_a-nano-svfscanf.o)
 .debug_frame   0x00000c24       0x60 d:/arm_iti/00-imt tools -20260704t163934z-3-001/00-imt tools/03- imt sdk/03- imt sdk/imt_sdk_win_64/imt_sdk_win_64/winarm/armgcc/bin/../lib/gcc/arm-none-eabi/7.2.1/../../../../arm-none-eabi/lib/thumb/v7e-m\libg_nano.a(lib_a-nano-vfprintf_i.o)
 .debug_frame   0x00000c84       0x60 d:/arm_iti/00-imt tools -20260704t163934z-3-001/00-imt tools/03- imt sdk/03- imt sdk/imt_sdk_win_64/imt_sdk_win_64/winarm/armgcc/bin/../lib/gcc/arm-none-eabi/7.2.1/../../../../arm-none-eabi/lib/thumb/v7e-m\libg_nano.a(lib_a-nano-vfscanf_i.o)
 .debug_frame   0x00000ce4       0x2c d:/arm_iti/00-imt tools -20260704t163934z-3-001/00-imt tools/03- imt sdk/03- imt sdk/imt_sdk_win_64/imt_sdk_win_64/winarm/armgcc/bin/../lib/gcc/arm-none-eabi/7.2.1/../../../../arm-none-eabi/lib/thumb/v7e-m\libg_nano.a(lib_a-sccl.o)
 .debug_frame   0x00000d10       0x84 d:/arm_iti/00-imt tools -20260704t163934z-3-001/00-imt tools/03- imt sdk/03- imt sdk/imt_sdk_win_64/imt_sdk_win_64/winarm/armgcc/bin/../lib/gcc/arm-none-eabi/7.2.1/../../../../arm-none-eabi/lib/thumb/v7e-m\libg_nano.a(lib_a-strtol.o)
 .debug_frame   0x00000d94       0x84 d:/arm_iti/00-imt tools -20260704t163934z-3-001/00-imt tools/03- imt sdk/03- imt sdk/imt_sdk_win_64/imt_sdk_win_64/winarm/armgcc/bin/../lib/gcc/arm-none-eabi/7.2.1/../../../../arm-none-eabi/lib/thumb/v7e-m\libg_nano.a(lib_a-strtoul.o)
 .debug_frame   0x00000e18       0x5c d:/arm_iti/00-imt tools -20260704t163934z-3-001/00-imt tools/03- imt sdk/03- imt sdk/imt_sdk_win_64/imt_sdk_win_64/winarm/armgcc/bin/../lib/gcc/arm-none-eabi/7.2.1/../../../../arm-none-eabi/lib/thumb/v7e-m\libg_nano.a(lib_a-ungetc.o)
 .debug_frame   0x00000e74      0x11c d:/arm_iti/00-imt tools -20260704t163934z-3-001/00-imt tools/03- imt sdk/03- imt sdk/imt_sdk_win_64/imt_sdk_win_64/winarm/armgcc/bin/../lib/gcc/arm-none-eabi/7.2.1/../../../../arm-none-eabi/lib/thumb/v7e-m\libg_nano.a(lib_a-findfp.o)
 .debug_frame   0x00000f90       0x68 d:/arm_iti/00-imt tools -20260704t163934z-3-001/00-imt tools/03- imt sdk/03- imt sdk/imt_sdk_win_64/imt_sdk_win_64/winarm/armgcc/bin/../lib/gcc/arm-none-eabi/7.2.1/../../../../arm-none-eabi/lib/thumb/v7e-m\libg_nano.a(lib_a-locale.o)
 .debug_frame   0x00000ff8       0x48 d:/arm_iti/00-imt tools -20260704t163934z-3-001/00-imt tools/03- imt sdk/03- imt sdk/imt_sdk_win_64/imt_sdk_win_64/winarm/armgcc/bin/../lib/gcc/arm-none-eabi/7.2.1/../../../../arm-none-eabi/lib/thumb/v7e-m\libg_nano.a(lib_a-mbtowc_r.o)
 .debug_frame   0x00001040       0x28 d:/arm_iti/00-imt tools -20260704t163934z-3-001/00-imt tools/03- imt sdk/03- imt sdk/imt_sdk_win_64/imt_sdk_win_64/winarm/armgcc/bin/../lib/gcc/arm-none-eabi/7.2.1/../../../../arm-none-eabi/lib/thumb/v7e-m\libg_nano.a(lib_a-memcpy-stub.o)
 .debug_frame   0x00001068       0x28 d:/arm_iti/00-imt tools -20260704t163934z-3-001/00-imt tools/03- imt sdk/03- imt sdk/imt_sdk_win_64/imt_sdk_win_64/winarm/armgcc/bin/../lib/gcc/arm-none-eabi/7.2.1/../../../../arm-none-eabi/lib/thumb/v7e-m\libg_nano.a(lib_a-memmove.o)
 .debug_frame   0x00001090       0x38 d:/arm_iti/00-imt tools -20260704t163934z-3-001/00-imt tools/03- imt sdk/03- imt sdk/imt_sdk_win_64/imt_sdk_win_64/winarm/armgcc/bin/../lib/gcc/arm-none-eabi/7.2.1/../../../../arm-none-eabi/lib/thumb/v7e-m\libg_nano.a(lib_a-nano-freer.o)
 .debug_frame   0x000010c8       0x2c d:/arm_iti/00-imt tools -20260704t163934z-3-001/00-imt tools/03- imt sdk/03- imt sdk/imt_sdk_win_64/imt_sdk_win_64/winarm/armgcc/bin/../lib/gcc/arm-none-eabi/7.2.1/../../../../arm-none-eabi/lib/thumb/v7e-m\libg_nano.a(lib_a-nano-mallocr.o)
 .debug_frame   0x000010f4       0x3c d:/arm_iti/00-imt tools -20260704t163934z-3-001/00-imt tools/03- imt sdk/03- imt sdk/imt_sdk_win_64/imt_sdk_win_64/winarm/armgcc/bin/../lib/gcc/arm-none-eabi/7.2.1/../../../../arm-none-eabi/lib/thumb/v7e-m\libg_nano.a(lib_a-nano-reallocr.o)
 .debug_frame   0x00001130       0x2c d:/arm_iti/00-imt tools -20260704t163934z-3-001/00-imt tools/03- imt sdk/03- imt sdk/imt_sdk_win_64/imt_sdk_win_64/winarm/armgcc/bin/../lib/gcc/arm-none-eabi/7.2.1/../../../../arm-none-eabi/lib/thumb/v7e-m\libg_nano.a(lib_a-sbrkr.o)
 .debug_frame   0x0000115c       0x3c d:/arm_iti/00-imt tools -20260704t163934z-3-001/00-imt tools/03- imt sdk/03- imt sdk/imt_sdk_win_64/imt_sdk_win_64/winarm/armgcc/bin/../lib/gcc/arm-none-eabi/7.2.1/../../../../arm-none-eabi/lib/thumb/v7e-m\libg_nano.a(lib_a-wctomb_r.o)
 .debug_frame   0x00001198       0x30 d:/arm_iti/00-imt tools -20260704t163934z-3-001/00-imt tools/03- imt sdk/03- imt sdk/imt_sdk_win_64/imt_sdk_win_64/winarm/armgcc/bin/../lib/gcc/arm-none-eabi/7.2.1/../../../../arm-none-eabi/lib/thumb/v7e-m\libg_nano.a(lib_a-mlock.o)
 .debug_frame   0x000011c8       0x20 d:/arm_iti/00-imt tools -20260704t163934z-3-001/00-imt tools/03- imt sdk/03- imt sdk/imt_sdk_win_64/imt_sdk_win_64/winarm/armgcc/bin/../lib/gcc/arm-none-eabi/7.2.1/../../../../arm-none-eabi/lib/thumb/v7e-m\libg_nano.a(lib_a-nano-msizer.o)

.debug_str      0x00000000    0x85485
 *(.debug_str)
 .debug_str     0x00000000     0x7d09 ./system/src/newlib/_exit.o
                               0x7edc (size before relaxing)
 .debug_str     0x00007d09      0x4f5 ./system/src/newlib/_sbrk.o
                               0x728e (size before relaxing)
 .debug_str     0x000081fe      0xc1a ./system/src/newlib/_startup.o
                               0x6a2f (size before relaxing)
 .debug_str     0x00008e18      0xe8b ./system/src/newlib/_syscalls.o
                               0x8169 (size before relaxing)
 .debug_str     0x00009ca3      0x826 ./system/src/diag/Trace.o
                               0x8654 (size before relaxing)
 .debug_str     0x0000a4c9    0x794aa ./system/src/diag/trace_impl.o
                              0x823f6 (size before relaxing)
 .debug_str     0x00083973       0xc4 ./system/src/cortexm/_initialize_hardware.o
                              0x81188 (size before relaxing)
 .debug_str     0x00083a37      0x1a6 ./system/src/cortexm/exception_handlers.o
                              0x82580 (size before relaxing)
 .debug_str     0x00083bdd      0x152 ./system/src/cmsis/system_stm32f4xx.o
                              0x81257 (size before relaxing)
 .debug_str     0x00083d2f       0x59 ./system/src/cmsis/vectors_stm32f407xx.o
                               0x386c (size before relaxing)
 .debug_str     0x00083d88      0x690 ./src/MEXTI_program.o
                               0x344e (size before relaxing)
 .debug_str     0x00084418      0x4dc ./src/MGPIO_program.o
                               0x33b3 (size before relaxing)
 .debug_str     0x000848f4      0x35c ./src/MNVIC_program.o
                               0x3182 (size before relaxing)
 .debug_str     0x00084c50      0x217 ./src/MRCC_program.o
                               0x3353 (size before relaxing)
 .debug_str     0x00084e67      0x2c9 ./src/MSYSTICK_program.o
                               0x30f7 (size before relaxing)
 .debug_str     0x00085130      0x355 ./src/main.o
                              0x81a0d (size before relaxing)

.debug_loc      0x00000000     0x1717
 *(.debug_loc)
 .debug_loc     0x00000000       0x85 ./system/src/newlib/_sbrk.o
 .debug_loc     0x00000085      0x2cb ./system/src/newlib/_startup.o
 .debug_loc     0x00000350       0x63 ./system/src/newlib/_syscalls.o
 .debug_loc     0x000003b3       0xf6 ./system/src/diag/Trace.o
 .debug_loc     0x000004a9      0x121 ./system/src/diag/trace_impl.o
 .debug_loc     0x000005ca      0x291 ./system/src/cortexm/exception_handlers.o
 .debug_loc     0x0000085b      0x13e ./system/src/cmsis/system_stm32f4xx.o
 .debug_loc     0x00000999      0x19e ./src/MEXTI_program.o
 .debug_loc     0x00000b37      0x438 ./src/MGPIO_program.o
 .debug_loc     0x00000f6f      0x1b2 ./src/MNVIC_program.o
 .debug_loc     0x00001121      0x1b0 ./src/MRCC_program.o
 .debug_loc     0x000012d1       0x90 ./src/MSYSTICK_program.o
 .debug_loc     0x00001361      0x3b6 ./src/main.o

.debug_macinfo
 *(.debug_macinfo)

.debug_weaknames
 *(.debug_weaknames)

.debug_funcnames
 *(.debug_funcnames)

.debug_typenames
 *(.debug_typenames)

.debug_varnames
 *(.debug_varnames)
OUTPUT(ARM.elf elf32-littlearm)

.debug_ranges   0x00000000      0x408
 .debug_ranges  0x00000000       0x18 ./system/src/newlib/_exit.o
 .debug_ranges  0x00000018       0x10 ./system/src/newlib/_sbrk.o
 .debug_ranges  0x00000028       0x90 ./system/src/newlib/_startup.o
 .debug_ranges  0x000000b8       0x20 ./system/src/newlib/_syscalls.o
 .debug_ranges  0x000000d8       0x28 ./system/src/diag/Trace.o
 .debug_ranges  0x00000100       0x50 ./system/src/diag/trace_impl.o
 .debug_ranges  0x00000150       0x18 ./system/src/cortexm/_initialize_hardware.o
 .debug_ranges  0x00000168       0x80 ./system/src/cortexm/exception_handlers.o
 .debug_ranges  0x000001e8       0x18 ./system/src/cmsis/system_stm32f4xx.o
 .debug_ranges  0x00000200       0x10 ./system/src/cmsis/vectors_stm32f407xx.o
 .debug_ranges  0x00000210       0x38 ./src/MEXTI_program.o
 .debug_ranges  0x00000248       0x48 ./src/MGPIO_program.o
 .debug_ranges  0x00000290       0x48 ./src/MNVIC_program.o
 .debug_ranges  0x000002d8       0x20 ./src/MRCC_program.o
 .debug_ranges  0x000002f8       0x58 ./src/MSYSTICK_program.o
 .debug_ranges  0x00000350       0xb8 ./src/main.o

.debug_macro    0x00000000     0x3be1
 .debug_macro   0x00000000      0x1b4 ./system/src/newlib/_exit.o
 .debug_macro   0x000001b4      0x10e ./system/src/newlib/_exit.o
 .debug_macro   0x000002c2       0x8d ./system/src/newlib/_exit.o
 .debug_macro   0x0000034f       0x35 ./system/src/newlib/_exit.o
 .debug_macro   0x00000384      0x169 ./system/src/newlib/_sbrk.o
 .debug_macro   0x000004ed      0x174 ./system/src/newlib/_sbrk.o
 .debug_macro   0x00000661       0x10 ./system/src/newlib/_sbrk.o
 .debug_macro   0x00000671      0x23b ./system/src/newlib/_sbrk.o
 .debug_macro   0x000008ac      0x173 ./system/src/newlib/_startup.o
 .debug_macro   0x00000a1f      0xa72 ./system/src/newlib/_startup.o
 .debug_macro   0x00001491      0x217 ./system/src/newlib/_syscalls.o
 .debug_macro   0x000016a8       0x1c ./system/src/newlib/_syscalls.o
 .debug_macro   0x000016c4       0x10 ./system/src/newlib/_syscalls.o
 .debug_macro   0x000016d4       0x10 ./system/src/newlib/_syscalls.o
 .debug_macro   0x000016e4       0x10 ./system/src/newlib/_syscalls.o
 .debug_macro   0x000016f4       0x35 ./system/src/newlib/_syscalls.o
 .debug_macro   0x00001729      0x122 ./system/src/newlib/_syscalls.o
 .debug_macro   0x0000184b       0x88 ./system/src/newlib/_syscalls.o
 .debug_macro   0x000018d3       0x2b ./system/src/newlib/_syscalls.o
 .debug_macro   0x000018fe      0x118 ./system/src/newlib/_syscalls.o
 .debug_macro   0x00001a16      0x189 ./system/src/newlib/_syscalls.o
 .debug_macro   0x00001b9f       0x16 ./system/src/newlib/_syscalls.o
 .debug_macro   0x00001bb5      0x1fb ./system/src/diag/Trace.o
 .debug_macro   0x00001db0       0x4c ./system/src/diag/Trace.o
 .debug_macro   0x00001dfc       0x16 ./system/src/diag/Trace.o
 .debug_macro   0x00001e12      0x534 ./system/src/diag/trace_impl.o
 .debug_macro   0x00002346       0x22 ./system/src/diag/trace_impl.o
 .debug_macro   0x00002368      0x4f8 ./system/src/cortexm/_initialize_hardware.o
 .debug_macro   0x00002860      0x561 ./system/src/cortexm/exception_handlers.o
 .debug_macro   0x00002dc1       0x3b ./system/src/cortexm/exception_handlers.o
 .debug_macro   0x00002dfc      0x4f4 ./system/src/cmsis/system_stm32f4xx.o
 .debug_macro   0x000032f0       0x34 ./system/src/cmsis/vectors_stm32f407xx.o
 .debug_macro   0x00003324       0x3a ./src/MEXTI_program.o
 .debug_macro   0x0000335e       0x2e ./src/MEXTI_program.o
 .debug_macro   0x0000338c       0x36 ./src/MGPIO_program.o
 .debug_macro   0x000033c2       0x5e ./src/MGPIO_program.o
 .debug_macro   0x00003420       0x33 ./src/MNVIC_program.o
 .debug_macro   0x00003453       0x40 ./src/MNVIC_program.o
 .debug_macro   0x00003493       0x35 ./src/MRCC_program.o
 .debug_macro   0x000034c8       0x70 ./src/MRCC_program.o
 .debug_macro   0x00003538       0x16 ./src/MRCC_program.o
 .debug_macro   0x0000354e       0x36 ./src/MSYSTICK_program.o
 .debug_macro   0x00003584       0x3a ./src/MSYSTICK_program.o
 .debug_macro   0x000035be       0x1c ./src/MSYSTICK_program.o
 .debug_macro   0x000035da      0x557 ./src/main.o
 .debug_macro   0x00003b31       0x22 ./src/main.o
 .debug_macro   0x00003b53       0x8e ./src/main.o
